C:/Embedded_Systems/EmbSysLib-01.05.06/EmbSysLib-01.05.06/Src/Hardware/Common/Timer/Timer.h:58:11:EmbSysLib::Hw::Timer::Task::Task()	16	static
C:/Embedded_Systems/EmbSysLib-01.05.06/EmbSysLib-01.05.06/Src/Hardware/Common/I2C/I2Cmaster.h:64:9:EmbSysLib::Hw::I2Cmaster::Device::Device(EmbSysLib::Hw::I2Cmaster&, BYTE)	24	static
C:/Embedded_Systems/EmbSysLib-01.05.06/EmbSysLib-01.05.06/Src/Hardware/Common/I2C/I2Cmaster.h:167:22:virtual BYTE EmbSysLib::Hw::I2Cmaster::Device::isError()	24	static
C:/Embedded_Systems/EmbSysLib-01.05.06/EmbSysLib-01.05.06/Src/Hardware/MCU/STM32F7xx/Src/Ltdc_Mcu.h:28:5:EmbSysLib::Hw::Ltdc_Mcu::Ltdc_Mcu(uint32_t, bool, WORD, WORD)	32	static
C:/Embedded_Systems/EmbSysLib-01.05.06/EmbSysLib-01.05.06/Src/Hardware/MCU/STM32F7xx/Src/Ltdc_Mcu.h:82:10:void EmbSysLib::Hw::Ltdc_Mcu::Init(WORD, WORD)	24	static
C:/Embedded_Systems/EmbSysLib-01.05.06/EmbSysLib-01.05.06/Src/Hardware/MCU/STM32F7xx/Src/Ltdc_Mcu.h:130:14:uint32_t EmbSysLib::Hw::Ltdc_Mcu::LayerConfig(uint32_t, uint32_t, uint8_t)	40	static
C:/Embedded_Systems/EmbSysLib-01.05.06/EmbSysLib-01.05.06/Src/Hardware/MCU/STM32F7xx/Src/Fmc_Mcu.h:52:5:EmbSysLib::Hw::Fmc_Mcu::Fmc_Mcu(EmbSysLib::Hw::Fmc_Mcu::FMCtype, EmbSysLib::Hw::Fmc_Mcu::BusConfig_type)	24	static
C:/Embedded_Systems/EmbSysLib-01.05.06/EmbSysLib-01.05.06/Src/Hardware/MCU/STM32F7xx/Src/Fmc_Mcu.h:150:14:uint32_t EmbSysLib::Hw::Fmc_Mcu::startAddr()	16	static
C:/Embedded_Systems/EmbSysLib-01.05.06/EmbSysLib-01.05.06/Src/Hardware/MCU/STM32F7xx/Src/Fmc_Mcu.h:160:10:void EmbSysLib::Hw::Fmc_Mcu::SDRAM_Init()	24	static
C:/Embedded_Systems/EmbSysLib-01.05.06/EmbSysLib-01.05.06/Src/Hardware/MCU/STM32F7xx/Src/Fmc_Mcu.h:256:10:void EmbSysLib::Hw::Fmc_Mcu::SendCommand(uint32_t, uint32_t, uint32_t)	32	static
C:/Embedded_Systems/EmbSysLib-01.05.06/EmbSysLib-01.05.06/Src/Hardware/MCU/STM32F7xx/Src/Dsi_Mcu.h:38:5:EmbSysLib::Hw::Dsi_Mcu::Dsi_Mcu(uint32_t)	24	static
C:/Embedded_Systems/EmbSysLib-01.05.06/EmbSysLib-01.05.06/Src/Hardware/MCU/STM32F7xx/Src/Dsi_Mcu.h:50:10:void EmbSysLib::Hw::Dsi_Mcu::Init(WORD, WORD, bool)	48	static
C:/Embedded_Systems/EmbSysLib-01.05.06/EmbSysLib-01.05.06/Src/Hardware/MCU/STM32F7xx/Src/Dsi_Mcu.h:202:14:uint32_t EmbSysLib::Hw::Dsi_Mcu::startLTDC(WORD, WORD)	16	static
C:/Embedded_Systems/EmbSysLib-01.05.06/EmbSysLib-01.05.06/Src/Hardware/MCU/STM32F7xx/Src/Dsi_Mcu.h:234:18:virtual void EmbSysLib::Hw::Dsi_Mcu::writeShort(uint8_t, uint8_t)	16	static
C:/Embedded_Systems/EmbSysLib-01.05.06/EmbSysLib-01.05.06/Src/Hardware/MCU/STM32F7xx/Src/Dsi_Mcu.h:247:18:virtual void EmbSysLib::Hw::Dsi_Mcu::writeLong(uint8_t*, uint32_t)	32	static
C:/Embedded_Systems/EmbSysLib-01.05.06/EmbSysLib-01.05.06/Src/Hardware/MCU/STM32F7xx/Src/Dsi_Mcu.h:273:10:void EmbSysLib::Hw::Dsi_Mcu::DisplayRefresh()	16	static
C:/Embedded_Systems/EmbSysLib-01.05.06/EmbSysLib-01.05.06/Src/Hardware/Common/Display/DisplayGraphic.h:153:18:virtual void EmbSysLib::Hw::DisplayGraphic::refresh()	16	static
C:/Embedded_Systems/EmbSysLib-01.05.06/EmbSysLib-01.05.06/Src/Hardware/Common/Display/DisplayGraphic.h:161:18:virtual WORD EmbSysLib::Hw::DisplayGraphic::getWidth()	16	static
C:/Embedded_Systems/EmbSysLib-01.05.06/EmbSysLib-01.05.06/Src/Hardware/Common/Display/DisplayGraphic.h:170:18:virtual WORD EmbSysLib::Hw::DisplayGraphic::getHeight()	16	static
C:/Embedded_Systems/EmbSysLib-01.05.06/EmbSysLib-01.05.06/Src/Hardware/Common/Memory/MemoryImage.h:75:5:EmbSysLib::Hw::MemoryImage::MemoryImage(EmbSysLib::Hw::Memory&, const char*)	56	static
C:/Embedded_Systems/EmbSysLib-01.05.06/EmbSysLib-01.05.06/Src/Hardware/Common/Memory/MemoryImage.h:125:18:virtual void EmbSysLib::Hw::MemoryImage::unlock()	16	static
C:/Embedded_Systems/EmbSysLib-01.05.06/EmbSysLib-01.05.06/Src/Hardware/Common/Memory/MemoryImage.h:130:18:virtual void EmbSysLib::Hw::MemoryImage::lock()	16	static
C:/Embedded_Systems/EmbSysLib-01.05.06/EmbSysLib-01.05.06/Src/Hardware/Common/Memory/MemoryImage.h:135:25:virtual const BYTE* EmbSysLib::Hw::MemoryImage::getPtr()	16	static
C:/Embedded_Systems/EmbSysLib-01.05.06/EmbSysLib-01.05.06/Src/Hardware/Common/Memory/MemoryImage.h:142:18:virtual void EmbSysLib::Hw::MemoryImage::writeByte(DWORD, BYTE)	24	static
C:/Embedded_Systems/EmbSysLib-01.05.06/EmbSysLib-01.05.06/Src/Hardware/Common/Memory/MemoryImage.h:153:18:virtual BYTE EmbSysLib::Hw::MemoryImage::readByte(DWORD)	16	static
C:/Embedded_Systems/EmbSysLib-01.05.06/EmbSysLib-01.05.06/Src/Device/Screen/ScreenGraphic.h:206:10:WORD EmbSysLib::Dev::ScreenGraphic::getWidth()	16	static
C:/Embedded_Systems/EmbSysLib-01.05.06/EmbSysLib-01.05.06/Src/Device/Screen/ScreenGraphic.h:214:10:WORD EmbSysLib::Dev::ScreenGraphic::getHeight()	16	static
C:/Embedded_Systems/EmbSysLib-01.05.06/EmbSysLib-01.05.06/Src/Device/Task/TaskManager.h:97:5:EmbSysLib::Dev::TaskManager::TaskManager(EmbSysLib::Hw::Timer&)	16	static
C:/Embedded_Systems/EmbSysLib-01.05.06/EmbSysLib-01.05.06/Src/Device/Task/TaskManager.h:114:18:virtual void EmbSysLib::Dev::TaskManager::add(EmbSysLib::Dev::TaskManager::Task*)	16	static
C:/Embedded_Systems/EmbSysLib-01.05.06/EmbSysLib-01.05.06/Src/Device/Task/TaskManager.h:123:19:virtual DWORD EmbSysLib::Dev::TaskManager::getCycleTime()	16	static
C:/Embedded_Systems/EmbSysLib-01.05.06/EmbSysLib-01.05.06/Src/Device/Task/TaskManager.h:133:19:virtual LWORD EmbSysLib::Dev::TaskManager::getTics()	16	static
C:/Embedded_Systems/EmbSysLib-01.05.06/EmbSysLib-01.05.06/Src/Device/Task/TaskManager.h:140:18:virtual void EmbSysLib::Dev::TaskManager::update()	24	static
.././../../../Src/Board/STM32F769-Discovery/ReportHandler.h:13:16:virtual void myReportHandler::onReport(WORD, WORD, bool)	24	static
.././../../../Src/Board/STM32F769-Discovery/ReportHandler.h:11:7:myReportHandler::myReportHandler()	16	static
C:/Embedded_Systems/EmbSysLib-01.05.06/EmbSysLib-01.05.06/Src/Hardware/Peripheral/Display/DisplayGraphic_OTM8009A.h:110:5:EmbSysLib::Hw::DisplayGraphic_OTM8009A::DisplayGraphic_OTM8009A(EmbSysLib::Hw::Dsi_Mcu&, EmbSysLib::Hw::Port::Pin&, EmbSysLib::Hw::DisplayGraphic_OTM8009A::Orientation, EmbSysLib::Hw::Font, BYTE)	32	static
C:/Embedded_Systems/EmbSysLib-01.05.06/EmbSysLib-01.05.06/Src/Hardware/Peripheral/Display/DisplayGraphic_OTM8009A.cpp:39:6:void EmbSysLib::Hw::DisplayGraphic_OTM8009A::init()	432	static
C:/Embedded_Systems/EmbSysLib-01.05.06/EmbSysLib-01.05.06/Src/Hardware/Peripheral/Display/DisplayGraphic_OTM8009A.cpp:137:1:EmbSysLib::Hw::DisplayGraphic_OTM8009Acmd::DisplayGraphic_OTM8009Acmd(EmbSysLib::Hw::Dsi_Mcu&, EmbSysLib::Hw::Port::Pin&, EmbSysLib::Hw::DisplayGraphic_OTM8009A::Orientation, EmbSysLib::Hw::Font, BYTE)	48	static
C:/Embedded_Systems/EmbSysLib-01.05.06/EmbSysLib-01.05.06/Src/Hardware/Peripheral/Display/DisplayGraphic_OTM8009A.cpp:156:6:virtual void EmbSysLib::Hw::DisplayGraphic_OTM8009Acmd::refresh()	16	static
C:/Embedded_Systems/EmbSysLib-01.05.06/EmbSysLib-01.05.06/Src/Hardware/Peripheral/Display/DisplayGraphic_OTM8009A.cpp:161:6:virtual void EmbSysLib::Hw::DisplayGraphic_OTM8009Acmd::clear()	40	static
C:/Embedded_Systems/EmbSysLib-01.05.06/EmbSysLib-01.05.06/Src/Hardware/Peripheral/Display/DisplayGraphic_OTM8009A.cpp:170:6:virtual void EmbSysLib::Hw::DisplayGraphic_OTM8009Acmd::setArea(WORD, WORD, WORD, WORD)	24	static
C:/Embedded_Systems/EmbSysLib-01.05.06/EmbSysLib-01.05.06/Src/Hardware/Peripheral/Display/DisplayGraphic_OTM8009A.cpp:185:6:virtual void EmbSysLib::Hw::DisplayGraphic_OTM8009Acmd::setPixel(WORD, WORD, WORD)	48	static
C:/Embedded_Systems/EmbSysLib-01.05.06/EmbSysLib-01.05.06/Src/Hardware/Peripheral/Display/DisplayGraphic_OTM8009A.cpp:196:6:virtual void EmbSysLib::Hw::DisplayGraphic_OTM8009Acmd::setPixel(WORD)	48	static
C:/Embedded_Systems/EmbSysLib-01.05.06/EmbSysLib-01.05.06/Src/Hardware/Peripheral/Display/DisplayGraphic_OTM8009A.cpp:228:1:EmbSysLib::Hw::DisplayGraphic_OTM8009Aram::DisplayGraphic_OTM8009Aram(EmbSysLib::Hw::Dsi_Mcu&, EmbSysLib::Hw::Port::Pin&, EmbSysLib::Hw::DisplayGraphic_OTM8009A::Orientation, EmbSysLib::Hw::Font, BYTE)	48	static
C:/Embedded_Systems/EmbSysLib-01.05.06/EmbSysLib-01.05.06/Src/Hardware/Peripheral/Display/DisplayGraphic_OTM8009A.cpp:248:6:virtual void EmbSysLib::Hw::DisplayGraphic_OTM8009Aram::refresh()	16	static
C:/Embedded_Systems/EmbSysLib-01.05.06/EmbSysLib-01.05.06/Src/Hardware/Peripheral/Display/DisplayGraphic_OTM8009A.cpp:254:6:virtual void EmbSysLib::Hw::DisplayGraphic_OTM8009Aram::clear()	24	static
C:/Embedded_Systems/EmbSysLib-01.05.06/EmbSysLib-01.05.06/Src/Hardware/Peripheral/Display/DisplayGraphic_OTM8009A.cpp:263:6:virtual void EmbSysLib::Hw::DisplayGraphic_OTM8009Aram::setArea(WORD, WORD, WORD, WORD)	24	static
C:/Embedded_Systems/EmbSysLib-01.05.06/EmbSysLib-01.05.06/Src/Hardware/Peripheral/Display/DisplayGraphic_OTM8009A.cpp:280:6:virtual void EmbSysLib::Hw::DisplayGraphic_OTM8009Aram::setPixel(WORD, WORD, WORD)	24	static
C:/Embedded_Systems/EmbSysLib-01.05.06/EmbSysLib-01.05.06/Src/Hardware/Peripheral/Display/DisplayGraphic_OTM8009A.cpp:289:6:virtual void EmbSysLib::Hw::DisplayGraphic_OTM8009Aram::setPixel(WORD)	16	static
C:/Embedded_Systems/EmbSysLib-01.05.06/EmbSysLib-01.05.06/Src/Hardware/Peripheral/Touch/Touch_FT6206.cpp:23:1:EmbSysLib::Hw::Touch_FT6206::Touch_FT6206(EmbSysLib::Hw::I2Cmaster&, WORD, WORD, EmbSysLib::Hw::Touch::Orientation, BYTE)	32	static
C:/Embedded_Systems/EmbSysLib-01.05.06/EmbSysLib-01.05.06/Src/Hardware/Peripheral/Touch/Touch_FT6206.cpp:39:6:virtual void EmbSysLib::Hw::Touch_FT6206::update()	24	static
C:/Embedded_Systems/Template_Stoppuhr/Src/main.cpp:12:3:App::App(EmbSysLib::Hw::Timer*)	16	static
C:/Embedded_Systems/Template_Stoppuhr/Src/main.cpp:18:8:virtual void App::update()	16	static
C:/Embedded_Systems/Template_Stoppuhr/Src/main.cpp:24:9:float App::getTime() const	16	static
C:/Embedded_Systems/Template_Stoppuhr/Src/main.cpp:25:9:float App::getWallTime() const	16	static
C:/Embedded_Systems/Template_Stoppuhr/Src/main.cpp:27:8:void App::start()	16	static
C:/Embedded_Systems/Template_Stoppuhr/Src/main.cpp:28:8:void App::pause()	16	static
C:/Embedded_Systems/Template_Stoppuhr/Src/main.cpp:29:8:void App::reset()	16	static
C:/Embedded_Systems/Template_Stoppuhr/Src/main.cpp:41:13:void drawStopwatchGraphics(EmbSysLib::Dev::ScreenGraphic&, float, bool)	176	static
C:/Embedded_Systems/Template_Stoppuhr/Src/main.cpp:238:5:int main()	64	static
C:/Embedded_Systems/EmbSysLib-01.05.06/EmbSysLib-01.05.06/Src/Std/Sequence.h:47:9:EmbSysLib::Std::Sequence<T>::Item::Item(EmbSysLib::Std::Sequence<T>*) [with T = EmbSysLib::Hw::Timer::Task]	16	static
C:/Embedded_Systems/EmbSysLib-01.05.06/EmbSysLib-01.05.06/Src/Std/Std.h:62:29:T EmbSysLib::Std::RANGE(T, T, T) [with T = long unsigned int]	24	static
C:/Embedded_Systems/EmbSysLib-01.05.06/EmbSysLib-01.05.06/Src/Hardware/Common/I2C/I2Cmaster.h:112:14:void EmbSysLib::Hw::I2Cmaster::Device::read(A, T*) [with A = unsigned char; T = EmbSysLib::Hw::Touch_FT6206::TscData]	40	static
C:/Embedded_Systems/EmbSysLib-01.05.06/EmbSysLib-01.05.06/Src/Std/Sequence.h:90:10:BYTE EmbSysLib::Std::Sequence<T>::add(T*) [with T = EmbSysLib::Hw::Timer::Task]	24	static
.././../../../Src/Board/STM32F769-Discovery/ReportHandler.h:11:7:myReportHandler::~myReportHandler()	16	static
C:/Embedded_Systems/Template_Stoppuhr/Src/main.cpp:285:1:void __static_initialization_and_destruction_0(int, int)	256	static
C:/Embedded_Systems/Template_Stoppuhr/Src/main.cpp:285:1:cpp)	8	static
C:/Embedded_Systems/Template_Stoppuhr/Src/main.cpp:285:1:cpp)	8	static
