Archive member included to satisfy reference by file (symbol)

C:/ST/STM32CubeIDE_1.13.2/STM32CubeIDE/plugins/com.st.stm32cube.ide.mcu.externaltools.gnu-tools-for-stm32.11.3.rel1.win32_1.1.1.202309131626/tools/bin/../lib/gcc/arm-none-eabi/11.3.1/../../../../arm-none-eabi/lib/thumb/v7e-m+dp/hard\libstdc++_nano.a(del_ops.o)
                              ./Src/lib.o (operator delete(void*, unsigned int))
C:/ST/STM32CubeIDE_1.13.2/STM32CubeIDE/plugins/com.st.stm32cube.ide.mcu.externaltools.gnu-tools-for-stm32.11.3.rel1.win32_1.1.1.202309131626/tools/bin/../lib/gcc/arm-none-eabi/11.3.1/../../../../arm-none-eabi/lib/thumb/v7e-m+dp/hard\libstdc++_nano.a(new_op.o)
                              ./Src/lib.o (operator new(unsigned int))
C:/ST/STM32CubeIDE_1.13.2/STM32CubeIDE/plugins/com.st.stm32cube.ide.mcu.externaltools.gnu-tools-for-stm32.11.3.rel1.win32_1.1.1.202309131626/tools/bin/../lib/gcc/arm-none-eabi/11.3.1/../../../../arm-none-eabi/lib/thumb/v7e-m+dp/hard\libstdc++_nano.a(new_opv.o)
                              ./Src/lib.o (operator new[](unsigned int))
C:/ST/STM32CubeIDE_1.13.2/STM32CubeIDE/plugins/com.st.stm32cube.ide.mcu.externaltools.gnu-tools-for-stm32.11.3.rel1.win32_1.1.1.202309131626/tools/bin/../lib/gcc/arm-none-eabi/11.3.1/../../../../arm-none-eabi/lib/thumb/v7e-m+dp/hard\libstdc++_nano.a(del_op.o)
                              C:/ST/STM32CubeIDE_1.13.2/STM32CubeIDE/plugins/com.st.stm32cube.ide.mcu.externaltools.gnu-tools-for-stm32.11.3.rel1.win32_1.1.1.202309131626/tools/bin/../lib/gcc/arm-none-eabi/11.3.1/../../../../arm-none-eabi/lib/thumb/v7e-m+dp/hard\libstdc++_nano.a(del_ops.o) (operator delete(void*))
C:/ST/STM32CubeIDE_1.13.2/STM32CubeIDE/plugins/com.st.stm32cube.ide.mcu.externaltools.gnu-tools-for-stm32.11.3.rel1.win32_1.1.1.202309131626/tools/bin/../lib/gcc/arm-none-eabi/11.3.1/../../../../arm-none-eabi/lib/thumb/v7e-m+dp/hard\libstdc++_nano.a(new_handler.o)
                              C:/ST/STM32CubeIDE_1.13.2/STM32CubeIDE/plugins/com.st.stm32cube.ide.mcu.externaltools.gnu-tools-for-stm32.11.3.rel1.win32_1.1.1.202309131626/tools/bin/../lib/gcc/arm-none-eabi/11.3.1/../../../../arm-none-eabi/lib/thumb/v7e-m+dp/hard\libstdc++_nano.a(new_op.o) (std::get_new_handler())
C:/ST/STM32CubeIDE_1.13.2/STM32CubeIDE/plugins/com.st.stm32cube.ide.mcu.externaltools.gnu-tools-for-stm32.11.3.rel1.win32_1.1.1.202309131626/tools/bin/../lib/gcc/arm-none-eabi/11.3.1/../../../../arm-none-eabi/lib/thumb/v7e-m+dp/hard\libc_nano.a(libc_a-abort.o)
                              C:/ST/STM32CubeIDE_1.13.2/STM32CubeIDE/plugins/com.st.stm32cube.ide.mcu.externaltools.gnu-tools-for-stm32.11.3.rel1.win32_1.1.1.202309131626/tools/bin/../lib/gcc/arm-none-eabi/11.3.1/../../../../arm-none-eabi/lib/thumb/v7e-m+dp/hard\libstdc++_nano.a(new_op.o) (abort)
C:/ST/STM32CubeIDE_1.13.2/STM32CubeIDE/plugins/com.st.stm32cube.ide.mcu.externaltools.gnu-tools-for-stm32.11.3.rel1.win32_1.1.1.202309131626/tools/bin/../lib/gcc/arm-none-eabi/11.3.1/../../../../arm-none-eabi/lib/thumb/v7e-m+dp/hard\libc_nano.a(libc_a-exit.o)
                              C:/ST/STM32CubeIDE_1.13.2/STM32CubeIDE/plugins/com.st.stm32cube.ide.mcu.externaltools.gnu-tools-for-stm32.11.3.rel1.win32_1.1.1.202309131626/tools/bin/../lib/gcc/arm-none-eabi/11.3.1/../../../../arm-none-eabi/lib/thumb/v7e-m+dp/hard/crt0.o (exit)
C:/ST/STM32CubeIDE_1.13.2/STM32CubeIDE/plugins/com.st.stm32cube.ide.mcu.externaltools.gnu-tools-for-stm32.11.3.rel1.win32_1.1.1.202309131626/tools/bin/../lib/gcc/arm-none-eabi/11.3.1/../../../../arm-none-eabi/lib/thumb/v7e-m+dp/hard\libc_nano.a(libc_a-malloc.o)
                              C:/ST/STM32CubeIDE_1.13.2/STM32CubeIDE/plugins/com.st.stm32cube.ide.mcu.externaltools.gnu-tools-for-stm32.11.3.rel1.win32_1.1.1.202309131626/tools/bin/../lib/gcc/arm-none-eabi/11.3.1/../../../../arm-none-eabi/lib/thumb/v7e-m+dp/hard\libstdc++_nano.a(new_op.o) (malloc)
C:/ST/STM32CubeIDE_1.13.2/STM32CubeIDE/plugins/com.st.stm32cube.ide.mcu.externaltools.gnu-tools-for-stm32.11.3.rel1.win32_1.1.1.202309131626/tools/bin/../lib/gcc/arm-none-eabi/11.3.1/../../../../arm-none-eabi/lib/thumb/v7e-m+dp/hard\libc_nano.a(libc_a-mallocr.o)
                              C:/ST/STM32CubeIDE_1.13.2/STM32CubeIDE/plugins/com.st.stm32cube.ide.mcu.externaltools.gnu-tools-for-stm32.11.3.rel1.win32_1.1.1.202309131626/tools/bin/../lib/gcc/arm-none-eabi/11.3.1/../../../../arm-none-eabi/lib/thumb/v7e-m+dp/hard\libc_nano.a(libc_a-malloc.o) (_malloc_r)
C:/ST/STM32CubeIDE_1.13.2/STM32CubeIDE/plugins/com.st.stm32cube.ide.mcu.externaltools.gnu-tools-for-stm32.11.3.rel1.win32_1.1.1.202309131626/tools/bin/../lib/gcc/arm-none-eabi/11.3.1/../../../../arm-none-eabi/lib/thumb/v7e-m+dp/hard\libc_nano.a(libc_a-mlock.o)
[...]
Memory Configuration

Name             Origin             Length             Attributes
RAM              0x0000000020000000 0x0000000000080000 xrw
FLASH            0x0000000008000000 0x0000000000200000 xr
*default*        0x0000000000000000 0xffffffffffffffff

Linker script and memory map

LOAD C:/ST/STM32CubeIDE_1.13.2/STM32CubeIDE/plugins/com.st.stm32cube.ide.mcu.externaltools.gnu-tools-for-stm32.11.3.rel1.win32_1.1.1.202309131626/tools/bin/../lib/gcc/arm-none-eabi/11.3.1/thumb/v7e-m+dp/hard/crti.o
LOAD C:/ST/STM32CubeIDE_1.13.2/STM32CubeIDE/plugins/com.st.stm32cube.ide.mcu.externaltools.gnu-tools-for-stm32.11.3.rel1.win32_1.1.1.202309131626/tools/bin/../lib/gcc/arm-none-eabi/11.3.1/thumb/v7e-m+dp/hard/crtbegin.o
LOAD C:/ST/STM32CubeIDE_1.13.2/STM32CubeIDE/plugins/com.st.stm32cube.ide.mcu.externaltools.gnu-tools-for-stm32.11.3.rel1.win32_1.1.1.202309131626/tools/bin/../lib/gcc/arm-none-eabi/11.3.1/../../../../arm-none-eabi/lib/thumb/v7e-m+dp/hard/crt0.o
LOAD ./Src/lib.o
LOAD ./Src/main.o
LOAD ./Src/startup.o
START GROUP
LOAD C:/ST/STM32CubeIDE_1.13.2/STM32CubeIDE/plugins/com.st.stm32cube.ide.mcu.externaltools.gnu-tools-for-stm32.11.3.rel1.win32_1.1.1.202309131626/tools/bin/../lib/gcc/arm-none-eabi/11.3.1/../../../../arm-none-eabi/lib/thumb/v7e-m+dp/hard\libstdc++_nano.a
LOAD C:/ST/STM32CubeIDE_1.13.2/STM32CubeIDE/plugins/com.st.stm32cube.ide.mcu.externaltools.gnu-tools-for-stm32.11.3.rel1.win32_1.1.1.202309131626/tools/bin/../lib/gcc/arm-none-eabi/11.3.1/../../../../arm-none-eabi/lib/thumb/v7e-m+dp/hard\libsupc++_nano.a
END GROUP
LOAD C:/ST/STM32CubeIDE_1.13.2/STM32CubeIDE/plugins/com.st.stm32cube.ide.mcu.externaltools.gnu-tools-for-stm32.11.3.rel1.win32_1.1.1.202309131626/tools/bin/../lib/gcc/arm-none-eabi/11.3.1/../../../../arm-none-eabi/lib/thumb/v7e-m+dp/hard\libstdc++_nano.a
LOAD C:/ST/STM32CubeIDE_1.13.2/STM32CubeIDE/plugins/com.st.stm32cube.ide.mcu.externaltools.gnu-tools-for-stm32.11.3.rel1.win32_1.1.1.202309131626/tools/bin/../lib/gcc/arm-none-eabi/11.3.1/../../../../arm-none-eabi/lib/thumb/v7e-m+dp/hard\libm.a
LOAD C:/ST/STM32CubeIDE_1.13.2/STM32CubeIDE/plugins/com.st.stm32cube.ide.mcu.externaltools.gnu-tools-for-stm32.11.3.rel1.win32_1.1.1.202309131626/tools/bin/../lib/gcc/arm-none-eabi/11.3.1/../../../../arm-none-eabi/lib/thumb/v7e-m+dp/hard\libc_nano.a
START GROUP
LOAD C:/ST/STM32CubeIDE_1.13.2/STM32CubeIDE/plugins/com.st.stm32cube.ide.mcu.externaltools.gnu-tools-for-stm32.11.3.rel1.win32_1.1.1.202309131626/tools/bin/../lib/gcc/arm-none-eabi/11.3.1/thumb/v7e-m+dp/hard\libgcc.a
LOAD C:/ST/STM32CubeIDE_1.13.2/STM32CubeIDE/plugins/com.st.stm32cube.ide.mcu.externaltools.gnu-tools-for-stm32.11.3.rel1.win32_1.1.1.202309131626/tools/bin/../lib/gcc/arm-none-eabi/11.3.1/../../../../arm-none-eabi/lib/thumb/v7e-m+dp/hard\libc_nano.a
END GROUP
START GROUP
LOAD C:/ST/STM32CubeIDE_1.13.2/STM32CubeIDE/plugins/com.st.stm32cube.ide.mcu.externaltools.gnu-tools-for-stm32.11.3.rel1.win32_1.1.1.202309131626/tools/bin/../lib/gcc/arm-none-eabi/11.3.1/thumb/v7e-m+dp/hard\libgcc.a
LOAD C:/ST/STM32CubeIDE_1.13.2/STM32CubeIDE/plugins/com.st.stm32cube.ide.mcu.externaltools.gnu-tools-for-stm32.11.3.rel1.win32_1.1.1.202309131626/tools/bin/../lib/gcc/arm-none-eabi/11.3.1/../../../../arm-none-eabi/lib/thumb/v7e-m+dp/hard\libc_nano.a
LOAD C:/ST/STM32CubeIDE_1.13.2/STM32CubeIDE/plugins/com.st.stm32cube.ide.mcu.externaltools.gnu-tools-for-stm32.11.3.rel1.win32_1.1.1.202309131626/tools/bin/../lib/gcc/arm-none-eabi/11.3.1/../../../../arm-none-eabi/lib/thumb/v7e-m+dp/hard\libnosys.a
END GROUP
START GROUP
LOAD C:/ST/STM32CubeIDE_1.13.2/STM32CubeIDE/plugins/com.st.stm32cube.ide.mcu.externaltools.gnu-tools-for-stm32.11.3.rel1.win32_1.1.1.202309131626/tools/bin/../lib/gcc/arm-none-eabi/11.3.1/thumb/v7e-m+dp/hard\libgcc.a
LOAD C:/ST/STM32CubeIDE_1.13.2/STM32CubeIDE/plugins/com.st.stm32cube.ide.mcu.externaltools.gnu-tools-for-stm32.11.3.rel1.win32_1.1.1.202309131626/tools/bin/../lib/gcc/arm-none-eabi/11.3.1/../../../../arm-none-eabi/lib/thumb/v7e-m+dp/hard\libc_nano.a
LOAD C:/ST/STM32CubeIDE_1.13.2/STM32CubeIDE/plugins/com.st.stm32cube.ide.mcu.externaltools.gnu-tools-for-stm32.11.3.rel1.win32_1.1.1.202309131626/tools/bin/../lib/gcc/arm-none-eabi/11.3.1/../../../../arm-none-eabi/lib/thumb/v7e-m+dp/hard\libnosys.a
END GROUP
LOAD C:/ST/STM32CubeIDE_1.13.2/STM32CubeIDE/plugins/com.st.stm32cube.ide.mcu.externaltools.gnu-tools-for-stm32.11.3.rel1.win32_1.1.1.202309131626/tools/bin/../lib/gcc/arm-none-eabi/11.3.1/thumb/v7e-m+dp/hard/crtend.o
LOAD C:/ST/STM32CubeIDE_1.13.2/STM32CubeIDE/plugins/com.st.stm32cube.ide.mcu.externaltools.gnu-tools-for-stm32.11.3.rel1.win32_1.1.1.202309131626/tools/bin/../lib/gcc/arm-none-eabi/11.3.1/thumb/v7e-m+dp/hard/crtn.o
                0x0000000020080000                _estack = (ORIGIN (RAM) + LENGTH (RAM))
                0x0000000000000200                _Min_Heap_Size = 0x200
                0x0000000000000400                _Min_Stack_Size = 0x400

.isr_vector     0x0000000008000000      0x1f8
                0x0000000008000000                . = ALIGN (0x4)
 *(.isr_vector)
 .isr_vector    0x0000000008000000      0x1f8 ./Src/startup.o
                0x0000000008000000                g_pfnVectors
                0x00000000080001f8                . = ALIGN (0x4)

.text           0x0000000008000200     0xcfe4
                0x0000000008000200                . = ALIGN (0x4)
 *(.text)
 .text          0x0000000008000200       0x40 C:/ST/STM32CubeIDE_1.13.2/STM32CubeIDE/plugins/com.st.stm32cube.ide.mcu.externaltools.gnu-tools-for-stm32.11.3.rel1.win32_1.1.1.202309131626/tools/bin/../lib/gcc/arm-none-eabi/11.3.1/thumb/v7e-m+dp/hard/crtbegin.o
 .text          0x0000000008000240       0x48 ./Src/startup.o
                0x0000000008000254                save_context
                0x000000000800026e                load_context
 .text          0x0000000008000288       0x14 C:/ST/STM32CubeIDE_1.13.2/STM32CubeIDE/plugins/com.st.stm32cube.ide.mcu.externaltools.gnu-tools-for-stm32.11.3.rel1.win32_1.1.1.202309131626/tools/bin/../lib/gcc/arm-none-eabi/11.3.1/../../../../arm-none-eabi/lib/thumb/v7e-m+dp/hard\libc_nano.a(libc_a-strcmp.o)
                0x0000000008000288                strcmp
 *fill*         0x000000000800029c        0x4 
 .text          0x00000000080002a0       0xa0 C:/ST/STM32CubeIDE_1.13.2/STM32CubeIDE/plugins/com.st.stm32cube.ide.mcu.externaltools.gnu-tools-for-stm32.11.3.rel1.win32_1.1.1.202309131626/tools/bin/../lib/gcc/arm-none-eabi/11.3.1/../../../../arm-none-eabi/lib/thumb/v7e-m+dp/hard\libc_nano.a(libc_a-memchr.o)
                0x00000000080002a0                memchr
 .text          0x0000000008000340       0x10 C:/ST/STM32CubeIDE_1.13.2/STM32CubeIDE/plugins/com.st.stm32cube.ide.mcu.externaltools.gnu-tools-for-stm32.11.3.rel1.win32_1.1.1.202309131626/tools/bin/../lib/gcc/arm-none-eabi/11.3.1/../../../../arm-none-eabi/lib/thumb/v7e-m+dp/hard\libc_nano.a(libc_a-strlen.o)
                0x0000000008000340                strlen
 .text          0x0000000008000350      0x378 C:/ST/STM32CubeIDE_1.13.2/STM32CubeIDE/plugins/com.st.stm32cube.ide.mcu.externaltools.gnu-tools-for-stm32.11.3.rel1.win32_1.1.1.202309131626/tools/bin/../lib/gcc/arm-none-eabi/11.3.1/thumb/v7e-m+dp/hard\libgcc.a(_arm_addsubdf3.o)
                0x0000000008000350                __aeabi_drsub
                0x0000000008000358                __aeabi_dsub
                0x0000000008000358                __subdf3
                0x000000000800035c                __aeabi_dadd
                0x000000000800035c                __adddf3
                0x00000000080005d4                __floatunsidf
                0x00000000080005d4                __aeabi_ui2d
                0x00000000080005f4                __floatsidf
                0x00000000080005f4                __aeabi_i2d
                0x0000000008000618                __aeabi_f2d
                0x0000000008000618                __extendsfdf2
                0x000000000800065c                __floatundidf
                0x000000000800065c                __aeabi_ul2d
                0x000000000800066c                __floatdidf
                0x000000000800066c                __aeabi_l2d
 .text          0x00000000080006c8       0x30 C:/ST/STM32CubeIDE_1.13.2/STM32CubeIDE/plugins/com.st.stm32cube.ide.mcu.externaltools.gnu-tools-for-stm32.11.3.rel1.win32_1.1.1.202309131626/tools/bin/../lib/gcc/arm-none-eabi/11.3.1/thumb/v7e-m+dp/hard\libgcc.a(_fixdfdi.o)
                0x00000000080006c8                __fixdfdi
                0x00000000080006c8                __aeabi_d2lz
 .text          0x00000000080006f8       0x40 C:/ST/STM32CubeIDE_1.13.2/STM32CubeIDE/plugins/com.st.stm32cube.ide.mcu.externaltools.gnu-tools-for-stm32.11.3.rel1.win32_1.1.1.202309131626/tools/bin/../lib/gcc/arm-none-eabi/11.3.1/thumb/v7e-m+dp/hard\libgcc.a(_fixunsdfdi.o)
                0x00000000080006f8                __fixunsdfdi
                0x00000000080006f8                __aeabi_d2ulz
 *(.text*)
 .text.__NVIC_EnableIRQ
                0x0000000008000738       0x3c ./Src/lib.o
 .text.__NVIC_SystemReset
                0x0000000008000774       0x2c ./Src/lib.o
 .text._ZN9EmbSysLib2Hw5Timer4TaskC2Ev
                0x00000000080007a0       0x28 ./Src/lib.o
                0x00000000080007a0                EmbSysLib::Hw::Timer::Task::Task()
                0x00000000080007a0                EmbSysLib::Hw::Timer::Task::Task()
 .text._ZN9EmbSysLib2Hw12Memory_Flash10SectorInfoC2Eh
                0x00000000080007c8      0x150 ./Src/lib.o
                0x00000000080007c8                EmbSysLib::Hw::Memory_Flash::SectorInfo::SectorInfo(unsigned char)
                0x00000000080007c8                EmbSysLib::Hw::Memory_Flash::SectorInfo::SectorInfo(unsigned char)
 .text._ZN9EmbSysLib2Hw14DisplayGraphic7refreshEv
                0x0000000008000918       0x14 ./Src/lib.o
                0x0000000008000918                EmbSysLib::Hw::DisplayGraphic::refresh()
 .text._ZN9EmbSysLib2Hw14DisplayGraphic8getWidthEv
                0x000000000800092c       0x18 ./Src/lib.o
                0x000000000800092c                EmbSysLib::Hw::DisplayGraphic::getWidth()
 .text._ZN9EmbSysLib2Hw14DisplayGraphic9getHeightEv
                0x0000000008000944       0x18 ./Src/lib.o
                0x0000000008000944                EmbSysLib::Hw::DisplayGraphic::getHeight()
 .text._ZN9EmbSysLib2Hw14DisplayGraphic9RGB2colorEhhh
                0x000000000800095c       0x4c ./Src/lib.o
                0x000000000800095c                EmbSysLib::Hw::DisplayGraphic::RGB2color(unsigned char, unsigned char, unsigned char)
 .text._ZN9EmbSysLib3Dev7Digital3setEv
                0x00000000080009a8       0x1e ./Src/lib.o
                0x00000000080009a8                EmbSysLib::Dev::Digital::set()
 .text._ZN9EmbSysLib3Dev7Digital3clrEv
                0x00000000080009c6       0x1e ./Src/lib.o
                0x00000000080009c6                EmbSysLib::Dev::Digital::clr()
 .text._ZN9EmbSysLib3Dev7Digital6toggleEv
                0x00000000080009e4       0x28 ./Src/lib.o
                0x00000000080009e4                EmbSysLib::Dev::Digital::toggle()
 .text._ZN9EmbSysLib3Dev7Digital8getEventEv
                0x0000000008000a0c       0x46 ./Src/lib.o
                0x0000000008000a0c                EmbSysLib::Dev::Digital::getEvent()
 .text._ZN9EmbSysLib3Dev7DigitalaSEb
                0x0000000008000a52       0x26 ./Src/lib.o
                0x0000000008000a52                EmbSysLib::Dev::Digital::operator=(bool)
 .text._ZN9EmbSysLib3Dev7DigitalaSERS1_
                0x0000000008000a78       0x32 ./Src/lib.o
                0x0000000008000a78                EmbSysLib::Dev::Digital::operator=(EmbSysLib::Dev::Digital&)
 .text._ZN9EmbSysLib3Dev7DigitalcvbEv
                0x0000000008000aaa       0x1e ./Src/lib.o
                0x0000000008000aaa                EmbSysLib::Dev::Digital::operator bool()
 .text._ZN9EmbSysLib2Hw6System16disableInterruptEv
                0x0000000008000ac8       0x24 ./Src/lib.o
                0x0000000008000ac8                EmbSysLib::Hw::System::disableInterrupt()
 .text._ZN9EmbSysLib2Hw6System15enableInterruptEv
                0x0000000008000aec       0x34 ./Src/lib.o
                0x0000000008000aec                EmbSysLib::Hw::System::enableInterrupt()
 .text._ZN9EmbSysLib2Hw6System5resetEv
                0x0000000008000b20       0x1c ./Src/lib.o
                0x0000000008000b20                EmbSysLib::Hw::System::reset()
 *fill*         0x0000000008000b3c        0x4 
 .text._ZN9EmbSysLib2Hw6System13delayMicroSecEt
                0x0000000008000b40       0x50 ./Src/lib.o
                0x0000000008000b40                EmbSysLib::Hw::System::delayMicroSec(unsigned short)
 .text._ZN9EmbSysLib2Hw6System13delayMilliSecEt
                0x0000000008000b90       0x2a ./Src/lib.o
                0x0000000008000b90                EmbSysLib::Hw::System::delayMilliSec(unsigned short)
 *fill*         0x0000000008000bba        0x2 
 .text.SystemInit
                0x0000000008000bbc      0x2d0 ./Src/lib.o
                0x0000000008000bbc                SystemInit
 .text._Z18System_GetDSIclockv
                0x0000000008000e8c       0x12 ./Src/lib.o
                0x0000000008000e8c                System_GetDSIclock()
 .text._ZN9EmbSysLib2Hw9PinConfig3setEP12GPIO_TypeDefhmh
                0x0000000008000e9e      0x11a ./Src/lib.o
                0x0000000008000e9e                EmbSysLib::Hw::PinConfig::set(GPIO_TypeDef*, unsigned char, unsigned long, unsigned char)
 .text._ZN9EmbSysLib2Hw9PinConfig3setENS1_8FunctionEm
                0x0000000008000fb8      0x1e4 ./Src/lib.o
                0x0000000008000fb8                EmbSysLib::Hw::PinConfig::set(EmbSysLib::Hw::PinConfig::Function, unsigned long)
 .text.ADC_IRQHandler
                0x000000000800119c       0xbc ./Src/lib.o
                0x000000000800119c                ADC_IRQHandler
 .text._ZN9EmbSysLib2Hw13I2Cmaster_McuC2ENS1_6I2C_IDEt
                0x0000000008001258      0x1ac ./Src/lib.o
                0x0000000008001258                EmbSysLib::Hw::I2Cmaster_Mcu::I2Cmaster_Mcu(EmbSysLib::Hw::I2Cmaster_Mcu::I2C_ID, unsigned short)
                0x0000000008001258                EmbSysLib::Hw::I2Cmaster_Mcu::I2Cmaster_Mcu(EmbSysLib::Hw::I2Cmaster_Mcu::I2C_ID, unsigned short)
 .text._ZN9EmbSysLib2Hw13I2Cmaster_Mcu5startEh
                0x0000000008001404       0x40 ./Src/lib.o
                0x0000000008001404                EmbSysLib::Hw::I2Cmaster_Mcu::start(unsigned char)
 .text._ZN9EmbSysLib2Hw13I2Cmaster_Mcu4stopEv
                0x0000000008001444       0x24 ./Src/lib.o
                0x0000000008001444                EmbSysLib::Hw::I2Cmaster_Mcu::stop()
 .text._ZN9EmbSysLib2Hw13I2Cmaster_Mcu8sendAddrEh
                0x0000000008001468       0x78 ./Src/lib.o
                0x0000000008001468                EmbSysLib::Hw::I2Cmaster_Mcu::sendAddr(unsigned char)
 .text._ZN9EmbSysLib2Hw13I2Cmaster_Mcu9writeByteEh
                0x00000000080014e0       0x32 ./Src/lib.o
                0x00000000080014e0                EmbSysLib::Hw::I2Cmaster_Mcu::writeByte(unsigned char)
 .text._ZN9EmbSysLib2Hw13I2Cmaster_Mcu11readByteAckEv
                0x0000000008001512       0x32 ./Src/lib.o
                0x0000000008001512                EmbSysLib::Hw::I2Cmaster_Mcu::readByteAck()
 .text._ZN9EmbSysLib2Hw13I2Cmaster_Mcu12readByteNackEv
                0x0000000008001544       0x32 ./Src/lib.o
                0x0000000008001544                EmbSysLib::Hw::I2Cmaster_Mcu::readByteNack()
 .text._ZN9EmbSysLib2Hw13I2Cmaster_Mcu11waitForAcknEm
                0x0000000008001576       0x5e ./Src/lib.o
                0x0000000008001576                EmbSysLib::Hw::I2Cmaster_Mcu::waitForAckn(unsigned long)
 .text._ZN9EmbSysLib2Hw12Memory_FlashC2Ehh
                0x00000000080015d4       0xc0 ./Src/lib.o
                0x00000000080015d4                EmbSysLib::Hw::Memory_Flash::Memory_Flash(unsigned char, unsigned char)
                0x00000000080015d4                EmbSysLib::Hw::Memory_Flash::Memory_Flash(unsigned char, unsigned char)
 .text._ZN9EmbSysLib2Hw12Memory_Flash6unlockEv
                0x0000000008001694       0x60 ./Src/lib.o
                0x0000000008001694                EmbSysLib::Hw::Memory_Flash::unlock()
 .text._ZN9EmbSysLib2Hw12Memory_Flash4lockEv
                0x00000000080016f4       0x40 ./Src/lib.o
                0x00000000080016f4                EmbSysLib::Hw::Memory_Flash::lock()
 .text._ZN9EmbSysLib2Hw12Memory_Flash6getPtrEv
                0x0000000008001734       0x18 ./Src/lib.o
                0x0000000008001734                EmbSysLib::Hw::Memory_Flash::getPtr()
 .text._ZN9EmbSysLib2Hw12Memory_Flash5eraseEv
                0x000000000800174c       0x48 ./Src/lib.o
                0x000000000800174c                EmbSysLib::Hw::Memory_Flash::erase()
 .text._ZN9EmbSysLib2Hw12Memory_Flash9writeByteEmh
                0x0000000008001794       0x8c ./Src/lib.o
                0x0000000008001794                EmbSysLib::Hw::Memory_Flash::writeByte(unsigned long, unsigned char)
 .text._ZN9EmbSysLib2Hw12Memory_Flash8readByteEm
                0x0000000008001820       0x20 ./Src/lib.o
                0x0000000008001820                EmbSysLib::Hw::Memory_Flash::readByte(unsigned long)
 .text._ZN9EmbSysLib2Hw12Memory_Flash9erasePageEh
                0x0000000008001840       0x70 ./Src/lib.o
                0x0000000008001840                EmbSysLib::Hw::Memory_Flash::erasePage(unsigned char)
 .text._ZN9EmbSysLib2Hw8Port_McuC2ENS1_6PortIdE
                0x00000000080018b0      0x180 ./Src/lib.o
                0x00000000080018b0                EmbSysLib::Hw::Port_Mcu::Port_Mcu(EmbSysLib::Hw::Port_Mcu::PortId)
                0x00000000080018b0                EmbSysLib::Hw::Port_Mcu::Port_Mcu(EmbSysLib::Hw::Port_Mcu::PortId)
 .text._ZN9EmbSysLib2Hw8Port_Mcu7setModeEmNS0_4Port4ModeE
                0x0000000008001a30       0x4a ./Src/lib.o
                0x0000000008001a30                EmbSysLib::Hw::Port_Mcu::setMode(unsigned long, EmbSysLib::Hw::Port::Mode)
 .text._ZN9EmbSysLib2Hw8Port_Mcu10setPinModeEhNS0_4Port4ModeE
                0x0000000008001a7a       0x72 ./Src/lib.o
                0x0000000008001a7a                EmbSysLib::Hw::Port_Mcu::setPinMode(unsigned char, EmbSysLib::Hw::Port::Mode)
 .text._ZN9EmbSysLib2Hw8Port_Mcu3setEm
                0x0000000008001aec       0x1e ./Src/lib.o
                0x0000000008001aec                EmbSysLib::Hw::Port_Mcu::set(unsigned long)
 .text._ZN9EmbSysLib2Hw8Port_Mcu3setEmm
                0x0000000008001b0a       0x34 ./Src/lib.o
                0x0000000008001b0a                EmbSysLib::Hw::Port_Mcu::set(unsigned long, unsigned long)
 .text._ZN9EmbSysLib2Hw8Port_Mcu3clrEm
                0x0000000008001b3e       0x20 ./Src/lib.o
                0x0000000008001b3e                EmbSysLib::Hw::Port_Mcu::clr(unsigned long)
 .text._ZN9EmbSysLib2Hw8Port_Mcu3getEv
                0x0000000008001b5e       0x1a ./Src/lib.o
                0x0000000008001b5e                EmbSysLib::Hw::Port_Mcu::get()
 .text.SysTick_Handler
                0x0000000008001b78       0x4c ./Src/lib.o
                0x0000000008001b78                SysTick_Handler
 .text.PendSV_Handler
                0x0000000008001bc4       0x3c ./Src/lib.o
                0x0000000008001bc4                PendSV_Handler
 .text._ZN9EmbSysLib2Hw9Timer_McuC2ENS1_7TimerIdEm
                0x0000000008001c00      0x320 ./Src/lib.o
                0x0000000008001c00                EmbSysLib::Hw::Timer_Mcu::Timer_Mcu(EmbSysLib::Hw::Timer_Mcu::TimerId, unsigned long)
                0x0000000008001c00                EmbSysLib::Hw::Timer_Mcu::Timer_Mcu(EmbSysLib::Hw::Timer_Mcu::TimerId, unsigned long)
 .text._ZN9EmbSysLib2Hw9Timer_Mcu9enablePWMEhNS0_5Timer4ModeE
                0x0000000008001f20      0x454 ./Src/lib.o
                0x0000000008001f20                EmbSysLib::Hw::Timer_Mcu::enablePWM(unsigned char, EmbSysLib::Hw::Timer::Mode)
 .text._ZN9EmbSysLib2Hw9Timer_Mcu6setPWMEht
                0x0000000008002374       0x7c ./Src/lib.o
                0x0000000008002374                EmbSysLib::Hw::Timer_Mcu::setPWM(unsigned char, unsigned short)
 .text._ZN9EmbSysLib2Hw9Timer_Mcu3isrEv
                0x00000000080023f0       0x26 ./Src/lib.o
                0x00000000080023f0                EmbSysLib::Hw::Timer_Mcu::isr()
 *fill*         0x0000000008002416        0x2 
 .text.TIM1_UP_TIM10_IRQHandler
                0x0000000008002418       0x8c ./Src/lib.o
                0x0000000008002418                TIM1_UP_TIM10_IRQHandler
 .text.TIM1_TRG_COM_TIM11_IRQHandler
                0x00000000080024a4       0x34 ./Src/lib.o
                0x00000000080024a4                TIM1_TRG_COM_TIM11_IRQHandler
 .text.TIM8_TRG_COM_TIM14_IRQHandler
                0x00000000080024d8       0x34 ./Src/lib.o
                0x00000000080024d8                TIM8_TRG_COM_TIM14_IRQHandler
 .text.TIM2_IRQHandler
                0x000000000800250c       0x18 ./Src/lib.o
                0x000000000800250c                TIM2_IRQHandler
 .text.TIM3_IRQHandler
                0x0000000008002524       0x18 ./Src/lib.o
                0x0000000008002524                TIM3_IRQHandler
 .text.TIM4_IRQHandler
                0x000000000800253c       0x18 ./Src/lib.o
                0x000000000800253c                TIM4_IRQHandler
 .text.TIM5_IRQHandler
                0x0000000008002554       0x18 ./Src/lib.o
                0x0000000008002554                TIM5_IRQHandler
 .text.TIM7_IRQHandler
                0x000000000800256c       0x18 ./Src/lib.o
                0x000000000800256c                TIM7_IRQHandler
 .text.TIM8_CC_IRQHandler
                0x0000000008002584       0x18 ./Src/lib.o
                0x0000000008002584                TIM8_CC_IRQHandler
 .text._ZN9EmbSysLib2Hw8Uart_McuC2ENS1_8USART_IdEmhtt
                0x000000000800259c      0x340 ./Src/lib.o
                0x000000000800259c                EmbSysLib::Hw::Uart_Mcu::Uart_Mcu(EmbSysLib::Hw::Uart_Mcu::USART_Id, unsigned long, unsigned char, unsigned short, unsigned short)
                0x000000000800259c                EmbSysLib::Hw::Uart_Mcu::Uart_Mcu(EmbSysLib::Hw::Uart_Mcu::USART_Id, unsigned long, unsigned char, unsigned short, unsigned short)
 .text._ZN9EmbSysLib2Hw8Uart_Mcu7getByteEv
                0x00000000080028dc       0x1c ./Src/lib.o
                0x00000000080028dc                EmbSysLib::Hw::Uart_Mcu::getByte()
 .text._ZN9EmbSysLib2Hw8Uart_Mcu7setByteEh
                0x00000000080028f8       0x20 ./Src/lib.o
                0x00000000080028f8                EmbSysLib::Hw::Uart_Mcu::setByte(unsigned char)
 .text._ZN9EmbSysLib2Hw8Uart_Mcu11setBaudrateEm
                0x0000000008002918       0x9c ./Src/lib.o
                0x0000000008002918                EmbSysLib::Hw::Uart_Mcu::setBaudrate(unsigned long)
 .text._ZN9EmbSysLib2Hw8Uart_Mcu3isrEv
                0x00000000080029b4       0x6c ./Src/lib.o
                0x00000000080029b4                EmbSysLib::Hw::Uart_Mcu::isr()
 .text.USART1_IRQHandler
                0x0000000008002a20       0x18 ./Src/lib.o
                0x0000000008002a20                USART1_IRQHandler
 .text.USART2_IRQHandler
                0x0000000008002a38       0x18 ./Src/lib.o
                0x0000000008002a38                USART2_IRQHandler
 .text.USART3_IRQHandler
                0x0000000008002a50       0x18 ./Src/lib.o
                0x0000000008002a50                USART3_IRQHandler
 .text.UART4_IRQHandler
                0x0000000008002a68       0x18 ./Src/lib.o
                0x0000000008002a68                UART4_IRQHandler
 .text.UART5_IRQHandler
                0x0000000008002a80       0x18 ./Src/lib.o
                0x0000000008002a80                UART5_IRQHandler
 .text.USART6_IRQHandler
                0x0000000008002a98       0x18 ./Src/lib.o
                0x0000000008002a98                USART6_IRQHandler
 .text.UART7_IRQHandler
                0x0000000008002ab0       0x18 ./Src/lib.o
                0x0000000008002ab0                UART7_IRQHandler
 .text._ZN9EmbSysLib2Hw13USBdevice_Mcu10EndpointIN6configEth
                0x0000000008002ac8       0x98 ./Src/lib.o
                0x0000000008002ac8                EmbSysLib::Hw::USBdevice_Mcu::EndpointIN::config(unsigned short, unsigned char)
 .text._ZN9EmbSysLib2Hw13USBdevice_Mcu10EndpointIN11writeToFifoEv
                0x0000000008002b60       0xcc ./Src/lib.o
                0x0000000008002b60                EmbSysLib::Hw::USBdevice_Mcu::EndpointIN::writeToFifo()
 .text._ZN9EmbSysLib2Hw13USBdevice_Mcu10EndpointIN8transmitEb
                0x0000000008002c2c       0xc0 ./Src/lib.o
                0x0000000008002c2c                EmbSysLib::Hw::USBdevice_Mcu::EndpointIN::transmit(bool)
 .text._ZN9EmbSysLib2Hw13USBdevice_Mcu10EndpointIN11transmitZLPEv
                0x0000000008002cec       0x40 ./Src/lib.o
                0x0000000008002cec                EmbSysLib::Hw::USBdevice_Mcu::EndpointIN::transmitZLP()
 .text._ZN9EmbSysLib2Hw13USBdevice_Mcu10EndpointIN12getInterruptEv
                0x0000000008002d2c       0x3c ./Src/lib.o
                0x0000000008002d2c                EmbSysLib::Hw::USBdevice_Mcu::EndpointIN::getInterrupt()
 .text._ZN9EmbSysLib2Hw13USBdevice_Mcu10EndpointIN12clrInterruptEm
                0x0000000008002d68       0x2a ./Src/lib.o
                0x0000000008002d68                EmbSysLib::Hw::USBdevice_Mcu::EndpointIN::clrInterrupt(unsigned long)
 *fill*         0x0000000008002d92        0x2 
 .text._ZN9EmbSysLib2Hw13USBdevice_Mcu11EndpointOUT6configEth
                0x0000000008002d94       0x9c ./Src/lib.o
                0x0000000008002d94                EmbSysLib::Hw::USBdevice_Mcu::EndpointOUT::config(unsigned short, unsigned char)
 .text._ZN9EmbSysLib2Hw13USBdevice_Mcu11EndpointOUT12readFromFifoEt
                0x0000000008002e30       0x66 ./Src/lib.o
                0x0000000008002e30                EmbSysLib::Hw::USBdevice_Mcu::EndpointOUT::readFromFifo(unsigned short)
 *fill*         0x0000000008002e96        0x2 
 .text._ZN9EmbSysLib2Hw13USBdevice_Mcu11EndpointOUT7receiveEv
                0x0000000008002e98       0xac ./Src/lib.o
                0x0000000008002e98                EmbSysLib::Hw::USBdevice_Mcu::EndpointOUT::receive()
 .text._ZN9EmbSysLib2Hw13USBdevice_Mcu11EndpointOUT10receiveZLPEv
                0x0000000008002f44       0x58 ./Src/lib.o
                0x0000000008002f44                EmbSysLib::Hw::USBdevice_Mcu::EndpointOUT::receiveZLP()
 .text._ZN9EmbSysLib2Hw13USBdevice_Mcu11EndpointOUT12getInterruptEv
                0x0000000008002f9c       0x28 ./Src/lib.o
                0x0000000008002f9c                EmbSysLib::Hw::USBdevice_Mcu::EndpointOUT::getInterrupt()
 .text._ZN9EmbSysLib2Hw13USBdevice_Mcu11EndpointOUT12clrInterruptEm
                0x0000000008002fc4       0x2a ./Src/lib.o
                0x0000000008002fc4                EmbSysLib::Hw::USBdevice_Mcu::EndpointOUT::clrInterrupt(unsigned long)
 *fill*         0x0000000008002fee        0x2 
 .text._ZN9EmbSysLib2Hw13USBdevice_Mcu3isrEv
                0x0000000008002ff0      0x59c ./Src/lib.o
                0x0000000008002ff0                EmbSysLib::Hw::USBdevice_Mcu::isr()
 .text._ZN9EmbSysLib2Hw13USBdevice_Mcu14getInInterruptEv
                0x000000000800358c       0x24 ./Src/lib.o
                0x000000000800358c                EmbSysLib::Hw::USBdevice_Mcu::getInInterrupt()
 .text._ZN9EmbSysLib2Hw13USBdevice_Mcu15getOutInterruptEv
                0x00000000080035b0       0x28 ./Src/lib.o
                0x00000000080035b0                EmbSysLib::Hw::USBdevice_Mcu::getOutInterrupt()
 .text._ZN9EmbSysLib2Hw13USBdevice_Mcu18isInterruptPendingEm
                0x00000000080035d8       0x34 ./Src/lib.o
                0x00000000080035d8                EmbSysLib::Hw::USBdevice_Mcu::isInterruptPending(unsigned long)
 .text._ZN9EmbSysLib2Hw13USBdevice_Mcu12clrInterruptEm
                0x000000000800360c       0x26 ./Src/lib.o
                0x000000000800360c                EmbSysLib::Hw::USBdevice_Mcu::clrInterrupt(unsigned long)
 *fill*         0x0000000008003632        0x2 
 .text.OTG_FS_IRQHandler
                0x0000000008003634       0x18 ./Src/lib.o
                0x0000000008003634                OTG_FS_IRQHandler
 .text._ZN9EmbSysLib3Std6ReportC2Et
                0x000000000800364c       0x26 ./Src/lib.o
                0x000000000800364c                EmbSysLib::Std::Report::Report(unsigned short)
                0x000000000800364c                EmbSysLib::Std::Report::Report(unsigned short)
 *fill*         0x0000000008003672        0x2 
 .text._ZN9EmbSysLib3Std6Report5storeEt
                0x0000000008003674       0x44 ./Src/lib.o
                0x0000000008003674                EmbSysLib::Std::Report::store(unsigned short)
 .text._ZN9EmbSysLib3Std6Report5errorEt
                0x00000000080036b8       0x48 ./Src/lib.o
                0x00000000080036b8                EmbSysLib::Std::Report::error(unsigned short)
 .text._ZN9EmbSysLib3Std6Report5alertEt
                0x0000000008003700       0x40 ./Src/lib.o
                0x0000000008003700                EmbSysLib::Std::Report::alert(unsigned short)
 .text._ZN9EmbSysLib3Std6Report7HandlerC2Ev
                0x0000000008003740       0x2c ./Src/lib.o
                0x0000000008003740                EmbSysLib::Std::Report::Handler::Handler()
                0x0000000008003740                EmbSysLib::Std::Report::Handler::Handler()
 .text._ZN9EmbSysLib3Std6Report7HandlerD2Ev
                0x000000000800376c       0x34 ./Src/lib.o
                0x000000000800376c                EmbSysLib::Std::Report::Handler::~Handler()
                0x000000000800376c                EmbSysLib::Std::Report::Handler::~Handler()
 .text._ZN9EmbSysLib2Hw4FontC2EPKh
                0x00000000080037a0       0x26 ./Src/lib.o
                0x00000000080037a0                EmbSysLib::Hw::Font::Font(unsigned char const*)
                0x00000000080037a0                EmbSysLib::Hw::Font::Font(unsigned char const*)
 .text._ZNK9EmbSysLib2Hw4Font12getCharWidthEv
                0x00000000080037c6       0x1a ./Src/lib.o
                0x00000000080037c6                EmbSysLib::Hw::Font::getCharWidth() const
 .text._ZNK9EmbSysLib2Hw4Font13getCharHeightEv
                0x00000000080037e0       0x1a ./Src/lib.o
                0x00000000080037e0                EmbSysLib::Hw::Font::getCharHeight() const
 .text._ZN9EmbSysLib2Hw4Font7setCharEh
                0x00000000080037fa       0x56 ./Src/lib.o
                0x00000000080037fa                EmbSysLib::Hw::Font::setChar(unsigned char)
 .text._ZN9EmbSysLib2Hw4Font8getPixelEhh
                0x0000000008003850       0x6a ./Src/lib.o
                0x0000000008003850                EmbSysLib::Hw::Font::getPixel(unsigned char, unsigned char)
 .text._ZNK9EmbSysLib2Hw6Bitmap8getWidthEv
                0x00000000080038ba       0x1a ./Src/lib.o
                0x00000000080038ba                EmbSysLib::Hw::Bitmap::getWidth() const
 .text._ZNK9EmbSysLib2Hw6Bitmap9getHeightEv
                0x00000000080038d4       0x1a ./Src/lib.o
                0x00000000080038d4                EmbSysLib::Hw::Bitmap::getHeight() const
 .text._ZNK9EmbSysLib2Hw6Bitmap8getPixelEtt
                0x00000000080038ee       0x38 ./Src/lib.o
                0x00000000080038ee                EmbSysLib::Hw::Bitmap::getPixel(unsigned short, unsigned short) const
 *fill*         0x0000000008003926        0x2 
 .text._ZN9EmbSysLib2Hw11DisplayCharC2Ethh
                0x0000000008003928       0x4c ./Src/lib.o
                0x0000000008003928                EmbSysLib::Hw::DisplayChar::DisplayChar(unsigned short, unsigned char, unsigned char)
                0x0000000008003928                EmbSysLib::Hw::DisplayChar::DisplayChar(unsigned short, unsigned char, unsigned char)
 .text._ZN9EmbSysLib2Hw11DisplayChar16getNumberOfLinesEv
                0x0000000008003974       0x1a ./Src/lib.o
                0x0000000008003974                EmbSysLib::Hw::DisplayChar::getNumberOfLines()
 .text._ZN9EmbSysLib2Hw11DisplayChar18getNumberOfColumnsEv
                0x000000000800398e       0x1a ./Src/lib.o
                0x000000000800398e                EmbSysLib::Hw::DisplayChar::getNumberOfColumns()
 .text._ZN9EmbSysLib2Hw11DisplayChar9putStringEPKc
                0x00000000080039a8       0x36 ./Src/lib.o
                0x00000000080039a8                EmbSysLib::Hw::DisplayChar::putString(char const*)
 *fill*         0x00000000080039de        0x2 
 .text._ZN9EmbSysLib2Hw14DisplayGraphicC2EtttRKNS0_4FontEh
                0x00000000080039e0       0xe4 ./Src/lib.o
                0x00000000080039e0                EmbSysLib::Hw::DisplayGraphic::DisplayGraphic(unsigned short, unsigned short, unsigned short, EmbSysLib::Hw::Font const&, unsigned char)
                0x00000000080039e0                EmbSysLib::Hw::DisplayGraphic::DisplayGraphic(unsigned short, unsigned short, unsigned short, EmbSysLib::Hw::Font const&, unsigned char)
 .text._ZN9EmbSysLib2Hw14DisplayGraphic7setFontERKNS0_4FontEh
                0x0000000008003ac4       0x2e ./Src/lib.o
                0x0000000008003ac4                EmbSysLib::Hw::DisplayGraphic::setFont(EmbSysLib::Hw::Font const&, unsigned char)
 .text._ZN9EmbSysLib2Hw14DisplayGraphic7setZoomEh
                0x0000000008003af2       0x20 ./Src/lib.o
                0x0000000008003af2                EmbSysLib::Hw::DisplayGraphic::setZoom(unsigned char)
 .text._ZN9EmbSysLib2Hw14DisplayGraphic12setBackColorEt
                0x0000000008003b12       0x1e ./Src/lib.o
                0x0000000008003b12                EmbSysLib::Hw::DisplayGraphic::setBackColor(unsigned short)
 .text._ZN9EmbSysLib2Hw14DisplayGraphic13setPaintColorEt
                0x0000000008003b30       0x1e ./Src/lib.o
                0x0000000008003b30                EmbSysLib::Hw::DisplayGraphic::setPaintColor(unsigned short)
 .text._ZN9EmbSysLib2Hw14DisplayGraphic12setTextColorEt
                0x0000000008003b4e       0x1e ./Src/lib.o
                0x0000000008003b4e                EmbSysLib::Hw::DisplayGraphic::setTextColor(unsigned short)
 .text._ZN9EmbSysLib2Hw14DisplayGraphic12gotoPixelPosEtt
                0x0000000008003b6c       0x28 ./Src/lib.o
                0x0000000008003b6c                EmbSysLib::Hw::DisplayGraphic::gotoPixelPos(unsigned short, unsigned short)
 .text._ZN9EmbSysLib2Hw14DisplayGraphic11gotoTextPosEhh
                0x0000000008003b94       0x6c ./Src/lib.o
                0x0000000008003b94                EmbSysLib::Hw::DisplayGraphic::gotoTextPos(unsigned char, unsigned char)
 .text._ZN9EmbSysLib2Hw14DisplayGraphic7putCharEc
                0x0000000008003c00      0x158 ./Src/lib.o
                0x0000000008003c00                EmbSysLib::Hw::DisplayGraphic::putChar(char)
 .text._ZN9EmbSysLib2Hw14DisplayGraphic8putPixelEtt
                0x0000000008003d58       0x2c ./Src/lib.o
                0x0000000008003d58                EmbSysLib::Hw::DisplayGraphic::putPixel(unsigned short, unsigned short)
 .text._ZN9EmbSysLib2Hw14DisplayGraphic12putRectangleEtttt
                0x0000000008003d84       0x76 ./Src/lib.o
                0x0000000008003d84                EmbSysLib::Hw::DisplayGraphic::putRectangle(unsigned short, unsigned short, unsigned short, unsigned short)
 .text._ZN9EmbSysLib2Hw14DisplayGraphic9putBitmapEttRKNS0_6BitmapE
                0x0000000008003dfa       0x8c ./Src/lib.o
                0x0000000008003dfa                EmbSysLib::Hw::DisplayGraphic::putBitmap(unsigned short, unsigned short, EmbSysLib::Hw::Bitmap const&)
 *fill*         0x0000000008003e86        0x2 
 .text._ZN9EmbSysLib2Hw9I2CmasterC2Et
                0x0000000008003e88       0x34 ./Src/lib.o
                0x0000000008003e88                EmbSysLib::Hw::I2Cmaster::I2Cmaster(unsigned short)
                0x0000000008003e88                EmbSysLib::Hw::I2Cmaster::I2Cmaster(unsigned short)
 .text._ZN9EmbSysLib2Hw9I2Cmaster5writeEhPhhS2_h
                0x0000000008003ebc       0xcc ./Src/lib.o
                0x0000000008003ebc                EmbSysLib::Hw::I2Cmaster::write(unsigned char, unsigned char*, unsigned char, unsigned char*, unsigned char)
 .text._ZN9EmbSysLib2Hw9I2Cmaster4readEhPhhS2_h
                0x0000000008003f88      0x104 ./Src/lib.o
                0x0000000008003f88                EmbSysLib::Hw::I2Cmaster::read(unsigned char, unsigned char*, unsigned char, unsigned char*, unsigned char)
 .text._ZN9EmbSysLib2Hw6MemoryC2Etmhb
                0x000000000800408c       0x48 ./Src/lib.o
                0x000000000800408c                EmbSysLib::Hw::Memory::Memory(unsigned short, unsigned long, unsigned char, bool)
                0x000000000800408c                EmbSysLib::Hw::Memory::Memory(unsigned short, unsigned long, unsigned char, bool)
 .text._ZN9EmbSysLib2Hw6Memory5writeEmh
                0x00000000080040d4       0x3e ./Src/lib.o
                0x00000000080040d4                EmbSysLib::Hw::Memory::write(unsigned long, unsigned char)
 .text._ZN9EmbSysLib2Hw6Memory4readEm
                0x0000000008004112       0x3e ./Src/lib.o
                0x0000000008004112                EmbSysLib::Hw::Memory::read(unsigned long)
 .text._ZN9EmbSysLib2Hw6Memory5eraseEv
                0x0000000008004150       0x4e ./Src/lib.o
                0x0000000008004150                EmbSysLib::Hw::Memory::erase()
 .text._ZNK9EmbSysLib2Hw6Memory7getSizeEv
                0x000000000800419e       0x18 ./Src/lib.o
                0x000000000800419e                EmbSysLib::Hw::Memory::getSize() const
 .text._ZNK9EmbSysLib2Hw6Memory7isFlashEv
                0x00000000080041b6       0x18 ./Src/lib.o
                0x00000000080041b6                EmbSysLib::Hw::Memory::isFlash() const
 *fill*         0x00000000080041ce        0x2 
 .text._ZN9EmbSysLib2Hw4PortC2Et
                0x00000000080041d0       0x30 ./Src/lib.o
                0x00000000080041d0                EmbSysLib::Hw::Port::Port(unsigned short)
                0x00000000080041d0                EmbSysLib::Hw::Port::Port(unsigned short)
 .text._ZN9EmbSysLib2Hw4Port3PinC2ERS1_h
                0x0000000008004200       0x40 ./Src/lib.o
                0x0000000008004200                EmbSysLib::Hw::Port::Pin::Pin(EmbSysLib::Hw::Port&, unsigned char)
                0x0000000008004200                EmbSysLib::Hw::Port::Pin::Pin(EmbSysLib::Hw::Port&, unsigned char)
 .text._ZN9EmbSysLib2Hw4Port3Pin7setModeENS1_4ModeE
                0x0000000008004240       0x2a ./Src/lib.o
                0x0000000008004240                EmbSysLib::Hw::Port::Pin::setMode(EmbSysLib::Hw::Port::Mode)
 .text._ZN9EmbSysLib2Hw4Port3Pin3setEv
                0x000000000800426a       0x26 ./Src/lib.o
                0x000000000800426a                EmbSysLib::Hw::Port::Pin::set()
 .text._ZN9EmbSysLib2Hw4Port3Pin3setEb
                0x0000000008004290       0x48 ./Src/lib.o
                0x0000000008004290                EmbSysLib::Hw::Port::Pin::set(bool)
 .text._ZN9EmbSysLib2Hw4Port3Pin3clrEv
                0x00000000080042d8       0x26 ./Src/lib.o
                0x00000000080042d8                EmbSysLib::Hw::Port::Pin::clr()
 .text._ZN9EmbSysLib2Hw4Port3Pin3getEv
                0x00000000080042fe       0x34 ./Src/lib.o
                0x00000000080042fe                EmbSysLib::Hw::Port::Pin::get()
 *fill*         0x0000000008004332        0x2 
 .text._ZN9EmbSysLib2Hw5TimerC2Et
                0x0000000008004334       0x38 ./Src/lib.o
                0x0000000008004334                EmbSysLib::Hw::Timer::Timer(unsigned short)
                0x0000000008004334                EmbSysLib::Hw::Timer::Timer(unsigned short)
 .text._ZN9EmbSysLib2Hw5Timer12getCycleTimeEv
                0x000000000800436c       0x18 ./Src/lib.o
                0x000000000800436c                EmbSysLib::Hw::Timer::getCycleTime()
 .text._ZN9EmbSysLib2Hw5Timer3addEPNS1_4TaskE
                0x0000000008004384       0x1e ./Src/lib.o
                0x0000000008004384                EmbSysLib::Hw::Timer::add(EmbSysLib::Hw::Timer::Task*)
 .text._ZN9EmbSysLib2Hw5Timer10isrHandlerEv
                0x00000000080043a2       0x3c ./Src/lib.o
                0x00000000080043a2                EmbSysLib::Hw::Timer::isrHandler()
 *fill*         0x00000000080043de        0x2 
 .text._ZN9EmbSysLib2Hw5TouchC2EtttNS1_11OrientationE
                0x00000000080043e0       0x60 ./Src/lib.o
                0x00000000080043e0                EmbSysLib::Hw::Touch::Touch(unsigned short, unsigned short, unsigned short, EmbSysLib::Hw::Touch::Orientation)
                0x00000000080043e0                EmbSysLib::Hw::Touch::Touch(unsigned short, unsigned short, unsigned short, EmbSysLib::Hw::Touch::Orientation)
 .text._ZN9EmbSysLib2Hw5Touch7getPosXEv
                0x0000000008004440       0x4e ./Src/lib.o
                0x0000000008004440                EmbSysLib::Hw::Touch::getPosX()
 .text._ZN9EmbSysLib2Hw5Touch7getPosYEv
                0x000000000800448e       0x4e ./Src/lib.o
                0x000000000800448e                EmbSysLib::Hw::Touch::getPosY()
 .text._ZN9EmbSysLib2Hw5Touch9isTouchedEv
                0x00000000080044dc       0x18 ./Src/lib.o
                0x00000000080044dc                EmbSysLib::Hw::Touch::isTouched()
 .text._ZN9EmbSysLib2Hw4UartC2Ettt
                0x00000000080044f4       0x9c ./Src/lib.o
                0x00000000080044f4                EmbSysLib::Hw::Uart::Uart(unsigned short, unsigned short, unsigned short)
                0x00000000080044f4                EmbSysLib::Hw::Uart::Uart(unsigned short, unsigned short, unsigned short)
 .text._ZN9EmbSysLib2Hw4Uart5isrRxEv
                0x0000000008004590       0x30 ./Src/lib.o
                0x0000000008004590                EmbSysLib::Hw::Uart::isrRx()
 .text._ZN9EmbSysLib2Hw4Uart5isrTxEv
                0x00000000080045c0       0x58 ./Src/lib.o
                0x00000000080045c0                EmbSysLib::Hw::Uart::isrTx()
 .text._ZN9EmbSysLib2Hw4Uart12transmitByteEh
                0x0000000008004618       0x60 ./Src/lib.o
                0x0000000008004618                EmbSysLib::Hw::Uart::transmitByte(unsigned char)
 .text._ZN9EmbSysLib2Hw4Uart3setEh
                0x0000000008004678       0x24 ./Src/lib.o
                0x0000000008004678                EmbSysLib::Hw::Uart::set(unsigned char)
 .text._ZN9EmbSysLib2Hw4Uart3setEPKht
                0x000000000800469c       0x44 ./Src/lib.o
                0x000000000800469c                EmbSysLib::Hw::Uart::set(unsigned char const*, unsigned short)
 .text._ZN9EmbSysLib2Hw4Uart3setEPKc
                0x00000000080046e0       0x34 ./Src/lib.o
                0x00000000080046e0                EmbSysLib::Hw::Uart::set(char const*)
 .text._ZN9EmbSysLib2Hw4Uart14isTxBufferFullEv
                0x0000000008004714       0x1c ./Src/lib.o
                0x0000000008004714                EmbSysLib::Hw::Uart::isTxBufferFull()
 .text._ZN9EmbSysLib2Hw4Uart20getFifoRemainingSizeEv
                0x0000000008004730       0x1c ./Src/lib.o
                0x0000000008004730                EmbSysLib::Hw::Uart::getFifoRemainingSize()
 .text._ZN9EmbSysLib2Hw4Uart3getERh
                0x000000000800474c       0x38 ./Src/lib.o
                0x000000000800474c                EmbSysLib::Hw::Uart::get(unsigned char&)
 .text._ZN9EmbSysLib2Hw4Uart3getEv
                0x0000000008004784       0x32 ./Src/lib.o
                0x0000000008004784                EmbSysLib::Hw::Uart::get()
 *fill*         0x00000000080047b6        0x2 
 .text._ZN9EmbSysLib3Dev7DigitalC2ERNS_2Hw4PortEhNS1_4ModeEb
                0x00000000080047b8       0x68 ./Src/lib.o
                0x00000000080047b8                EmbSysLib::Dev::Digital::Digital(EmbSysLib::Hw::Port&, unsigned char, EmbSysLib::Dev::Digital::Mode, bool)
                0x00000000080047b8                EmbSysLib::Dev::Digital::Digital(EmbSysLib::Hw::Port&, unsigned char, EmbSysLib::Dev::Digital::Mode, bool)
 .text._ZN9EmbSysLib3Dev7Digital7setModeENS1_4ModeE
                0x0000000008004820       0x22 ./Src/lib.o
                0x0000000008004820                EmbSysLib::Dev::Digital::setMode(EmbSysLib::Dev::Digital::Mode)
 .text._ZN9EmbSysLib3Dev7Digital3setEb
                0x0000000008004842       0x36 ./Src/lib.o
                0x0000000008004842                EmbSysLib::Dev::Digital::set(bool)
 .text._ZN9EmbSysLib3Dev7Digital3getEv
                0x0000000008004878       0x2c ./Src/lib.o
                0x0000000008004878                EmbSysLib::Dev::Digital::get()
 .text._ZN9EmbSysLib3Dev13ScreenGraphicC2ERNS_2Hw14DisplayGraphicE
                0x00000000080048a4       0x54 ./Src/lib.o
                0x00000000080048a4                EmbSysLib::Dev::ScreenGraphic::ScreenGraphic(EmbSysLib::Hw::DisplayGraphic&)
                0x00000000080048a4                EmbSysLib::Dev::ScreenGraphic::ScreenGraphic(EmbSysLib::Hw::DisplayGraphic&)
 .text._ZN9EmbSysLib3Dev13ScreenGraphic5clearEv
                0x00000000080048f8       0x22 ./Src/lib.o
                0x00000000080048f8                EmbSysLib::Dev::ScreenGraphic::clear()
 .text._ZN9EmbSysLib3Dev13ScreenGraphic7refreshEv
                0x000000000800491a       0x22 ./Src/lib.o
                0x000000000800491a                EmbSysLib::Dev::ScreenGraphic::refresh()
 .text._ZN9EmbSysLib3Dev13ScreenGraphic6printfEhhPKcz
                0x000000000800493c       0x66 ./Src/lib.o
                0x000000000800493c                EmbSysLib::Dev::ScreenGraphic::printf(unsigned char, unsigned char, char const*, ...)
 .text._ZN9EmbSysLib3Dev13ScreenGraphic7setFontERKNS_2Hw4FontEh
                0x00000000080049a2       0x2a ./Src/lib.o
                0x00000000080049a2                EmbSysLib::Dev::ScreenGraphic::setFont(EmbSysLib::Hw::Font const&, unsigned char)
 .text._ZN9EmbSysLib3Dev13ScreenGraphic7setZoomEh
                0x00000000080049cc       0x28 ./Src/lib.o
                0x00000000080049cc                EmbSysLib::Dev::ScreenGraphic::setZoom(unsigned char)
 .text._ZN9EmbSysLib3Dev13ScreenGraphic12setBackColorEt
                0x00000000080049f4       0x28 ./Src/lib.o
                0x00000000080049f4                EmbSysLib::Dev::ScreenGraphic::setBackColor(unsigned short)
 .text._ZN9EmbSysLib3Dev13ScreenGraphic12setTextColorEt
                0x0000000008004a1c       0x28 ./Src/lib.o
                0x0000000008004a1c                EmbSysLib::Dev::ScreenGraphic::setTextColor(unsigned short)
 .text._ZN9EmbSysLib3Dev13ScreenGraphic8drawTextEttPKcz
                0x0000000008004a44       0x66 ./Src/lib.o
                0x0000000008004a44                EmbSysLib::Dev::ScreenGraphic::drawText(unsigned short, unsigned short, char const*, ...)
 .text._ZN9EmbSysLib3Dev13ScreenGraphic9drawPixelEttt
                0x0000000008004aaa       0x4a ./Src/lib.o
                0x0000000008004aaa                EmbSysLib::Dev::ScreenGraphic::drawPixel(unsigned short, unsigned short, unsigned short)
 .text._ZN9EmbSysLib3Dev13ScreenGraphic13drawRectangleEttttt
                0x0000000008004af4       0x52 ./Src/lib.o
                0x0000000008004af4                EmbSysLib::Dev::ScreenGraphic::drawRectangle(unsigned short, unsigned short, unsigned short, unsigned short, unsigned short)
 .text._ZN9EmbSysLib3Dev13ScreenGraphic13drawRectangleEtttttt
                0x0000000008004b46       0xc8 ./Src/lib.o
                0x0000000008004b46                EmbSysLib::Dev::ScreenGraphic::drawRectangle(unsigned short, unsigned short, unsigned short, unsigned short, unsigned short, unsigned short)
 .text._ZN9EmbSysLib3Dev13ScreenGraphic10drawCircleEttttt
                0x0000000008004c0e      0x2a4 ./Src/lib.o
                0x0000000008004c0e                EmbSysLib::Dev::ScreenGraphic::drawCircle(unsigned short, unsigned short, unsigned short, unsigned short, unsigned short)
 .text._ZN9EmbSysLib3Dev13ScreenGraphic10drawCircleEtttt
                0x0000000008004eb2      0x156 ./Src/lib.o
                0x0000000008004eb2                EmbSysLib::Dev::ScreenGraphic::drawCircle(unsigned short, unsigned short, unsigned short, unsigned short)
 .text._ZN9EmbSysLib3Dev13ScreenGraphic8drawLineEtttttt
                0x0000000008005008      0x222 ./Src/lib.o
                0x0000000008005008                EmbSysLib::Dev::ScreenGraphic::drawLine(unsigned short, unsigned short, unsigned short, unsigned short, unsigned short, unsigned short)
 .text._ZN9EmbSysLib3Dev13ScreenGraphic10drawBitmapEttRKNS_2Hw6BitmapE
                0x000000000800522a       0x30 ./Src/lib.o
                0x000000000800522a                EmbSysLib::Dev::ScreenGraphic::drawBitmap(unsigned short, unsigned short, EmbSysLib::Hw::Bitmap const&)
 *fill*         0x000000000800525a        0x2 
 .text._ZN9EmbSysLib3Dev7PointerC2ERNS_2Hw5TouchE
                0x000000000800525c       0x40 ./Src/lib.o
                0x000000000800525c                EmbSysLib::Dev::Pointer::Pointer(EmbSysLib::Hw::Touch&)
                0x000000000800525c                EmbSysLib::Dev::Pointer::Pointer(EmbSysLib::Hw::Touch&)
 .text._ZN9EmbSysLib3Dev7Pointer3getEv
                0x000000000800529c      0x1c4 ./Src/lib.o
                0x000000000800529c                EmbSysLib::Dev::Pointer::get()
 .text._ZN9EmbSysLib3Dev8TerminalC2ERNS_2Hw4UartEttPKcS6_
                0x0000000008005460       0x94 ./Src/lib.o
                0x0000000008005460                EmbSysLib::Dev::Terminal::Terminal(EmbSysLib::Hw::Uart&, unsigned short, unsigned short, char const*, char const*)
                0x0000000008005460                EmbSysLib::Dev::Terminal::Terminal(EmbSysLib::Hw::Uart&, unsigned short, unsigned short, char const*, char const*)
 .text._ZN9EmbSysLib3Dev8Terminal6printfEPKcz
                0x00000000080054f4       0x58 ./Src/lib.o
                0x00000000080054f4                EmbSysLib::Dev::Terminal::printf(char const*, ...)
 .text._ZN9EmbSysLib3Std8SequenceINS_2Hw5Timer4TaskEE4ItemC2EPS5_
                0x000000000800554c       0x2c ./Src/lib.o
                0x000000000800554c                EmbSysLib::Std::Sequence<EmbSysLib::Hw::Timer::Task>::Item::Item(EmbSysLib::Std::Sequence<EmbSysLib::Hw::Timer::Task>*)
                0x000000000800554c                EmbSysLib::Std::Sequence<EmbSysLib::Hw::Timer::Task>::Item::Item(EmbSysLib::Std::Sequence<EmbSysLib::Hw::Timer::Task>*)
 .text._ZN9EmbSysLib3Std3MINItEET_S2_S2_
                0x0000000008005578       0x2a ./Src/lib.o
                0x0000000008005578                unsigned short EmbSysLib::Std::MIN<unsigned short>(unsigned short, unsigned short)
 .text._ZN9EmbSysLib3Std5RANGEItEET_S2_S2_S2_
                0x00000000080055a2       0x38 ./Src/lib.o
                0x00000000080055a2                unsigned short EmbSysLib::Std::RANGE<unsigned short>(unsigned short, unsigned short, unsigned short)
 .text._ZN9EmbSysLib3Std3MINIhEET_S2_S2_
                0x00000000080055da       0x2a ./Src/lib.o
                0x00000000080055da                unsigned char EmbSysLib::Std::MIN<unsigned char>(unsigned char, unsigned char)
 .text._ZN9EmbSysLib3Std8SequenceINS_2Hw5Timer4TaskEEC2Ev
                0x0000000008005604       0x1c ./Src/lib.o
                0x0000000008005604                EmbSysLib::Std::Sequence<EmbSysLib::Hw::Timer::Task>::Sequence()
                0x0000000008005604                EmbSysLib::Std::Sequence<EmbSysLib::Hw::Timer::Task>::Sequence()
 .text._ZN9EmbSysLib3Std8SequenceINS_2Hw5Timer4TaskEE3addEPS4_
                0x0000000008005620       0x58 ./Src/lib.o
                0x0000000008005620                EmbSysLib::Std::Sequence<EmbSysLib::Hw::Timer::Task>::add(EmbSysLib::Hw::Timer::Task*)
 .text._ZN9EmbSysLib3Std8SequenceINS_2Hw5Timer4TaskEE8getFirstEv
                0x0000000008005678       0x18 ./Src/lib.o
                0x0000000008005678                EmbSysLib::Std::Sequence<EmbSysLib::Hw::Timer::Task>::getFirst()
 .text._ZN9EmbSysLib3Std8SequenceINS_2Hw5Timer4TaskEE4Item7getNextEv
                0x0000000008005690       0x18 ./Src/lib.o
                0x0000000008005690                EmbSysLib::Std::Sequence<EmbSysLib::Hw::Timer::Task>::Item::getNext()
 .text._ZN9EmbSysLib3Std4FifoIhEC2Et
                0x00000000080056a8       0x56 ./Src/lib.o
                0x00000000080056a8                EmbSysLib::Std::Fifo<unsigned char>::Fifo(unsigned short)
                0x00000000080056a8                EmbSysLib::Std::Fifo<unsigned char>::Fifo(unsigned short)
 .text._ZN9EmbSysLib3Std4FifoIhE7getSizeEv
                0x00000000080056fe       0x18 ./Src/lib.o
                0x00000000080056fe                EmbSysLib::Std::Fifo<unsigned char>::getSize()
 .text._ZN9EmbSysLib3Std4FifoIhElsERKh
                0x0000000008005716       0x6c ./Src/lib.o
                0x0000000008005716                EmbSysLib::Std::Fifo<unsigned char>::operator<<(unsigned char const&)
 .text._ZN9EmbSysLib3Std4FifoIhE7isEmptyEv
                0x0000000008005782       0x28 ./Src/lib.o
                0x0000000008005782                EmbSysLib::Std::Fifo<unsigned char>::isEmpty()
 .text._ZN9EmbSysLib3Std4FifoIhErsERh
                0x00000000080057aa       0x68 ./Src/lib.o
                0x00000000080057aa                EmbSysLib::Std::Fifo<unsigned char>::operator>>(unsigned char&)
 .text._ZN9EmbSysLib3Std4FifoIhE6isFullEv
                0x0000000008005812       0x2c ./Src/lib.o
                0x0000000008005812                EmbSysLib::Std::Fifo<unsigned char>::isFull()
 .text._ZN9EmbSysLib3Std4FifoIhE7getFreeEv
                0x000000000800583e       0x38 ./Src/lib.o
                0x000000000800583e                EmbSysLib::Std::Fifo<unsigned char>::getFree()
 .text._ZN9EmbSysLib3Std5RANGEIsEET_S2_S2_S2_
                0x0000000008005876       0x46 ./Src/lib.o
                0x0000000008005876                short EmbSysLib::Std::RANGE<short>(short, short, short)
 .text._Z41__static_initialization_and_destruction_0ii
                0x00000000080058bc       0x30 ./Src/lib.o
 .text._GLOBAL__sub_I__ZN9EmbSysLib2Hw6System12cntInterruptE
                0x00000000080058ec       0x10 ./Src/lib.o
 .text._ZN9EmbSysLib2Hw9I2Cmaster6DeviceC2ERS1_h
                0x00000000080058fc       0x38 ./Src/main.o
                0x00000000080058fc                EmbSysLib::Hw::I2Cmaster::Device::Device(EmbSysLib::Hw::I2Cmaster&, unsigned char)
                0x00000000080058fc                EmbSysLib::Hw::I2Cmaster::Device::Device(EmbSysLib::Hw::I2Cmaster&, unsigned char)
 .text._ZN9EmbSysLib2Hw9I2Cmaster6Device7isErrorEv
                0x0000000008005934       0x22 ./Src/main.o
                0x0000000008005934                EmbSysLib::Hw::I2Cmaster::Device::isError()
 *fill*         0x0000000008005956        0x2 
 .text._ZN9EmbSysLib2Hw8Ltdc_McuC2Embtt
                0x0000000008005958      0x1b4 ./Src/main.o
                0x0000000008005958                EmbSysLib::Hw::Ltdc_Mcu::Ltdc_Mcu(unsigned long, bool, unsigned short, unsigned short)
                0x0000000008005958                EmbSysLib::Hw::Ltdc_Mcu::Ltdc_Mcu(unsigned long, bool, unsigned short, unsigned short)
 .text._ZN9EmbSysLib2Hw8Ltdc_Mcu4InitEtt
                0x0000000008005b0c       0xac ./Src/main.o
                0x0000000008005b0c                EmbSysLib::Hw::Ltdc_Mcu::Init(unsigned short, unsigned short)
 .text._ZN9EmbSysLib2Hw8Ltdc_Mcu11LayerConfigEmmh
                0x0000000008005bb8       0xcc ./Src/main.o
                0x0000000008005bb8                EmbSysLib::Hw::Ltdc_Mcu::LayerConfig(unsigned long, unsigned long, unsigned char)
 .text._ZN9EmbSysLib2Hw7Fmc_McuC2ENS1_7FMCtypeENS1_14BusConfig_typeE
                0x0000000008005c84      0x2dc ./Src/main.o
                0x0000000008005c84                EmbSysLib::Hw::Fmc_Mcu::Fmc_Mcu(EmbSysLib::Hw::Fmc_Mcu::FMCtype, EmbSysLib::Hw::Fmc_Mcu::BusConfig_type)
                0x0000000008005c84                EmbSysLib::Hw::Fmc_Mcu::Fmc_Mcu(EmbSysLib::Hw::Fmc_Mcu::FMCtype, EmbSysLib::Hw::Fmc_Mcu::BusConfig_type)
 .text._ZN9EmbSysLib2Hw7Fmc_Mcu9startAddrEv
                0x0000000008005f60       0x26 ./Src/main.o
                0x0000000008005f60                EmbSysLib::Hw::Fmc_Mcu::startAddr()
 *fill*         0x0000000008005f86        0x2 
 .text._ZN9EmbSysLib2Hw7Fmc_Mcu10SDRAM_InitEv
                0x0000000008005f88      0x114 ./Src/main.o
                0x0000000008005f88                EmbSysLib::Hw::Fmc_Mcu::SDRAM_Init()
 .text._ZN9EmbSysLib2Hw7Fmc_Mcu11SendCommandEmmm
                0x000000000800609c       0x80 ./Src/main.o
                0x000000000800609c                EmbSysLib::Hw::Fmc_Mcu::SendCommand(unsigned long, unsigned long, unsigned long)
 .text._ZN9EmbSysLib2Hw7Dsi_McuC2Em
                0x000000000800611c       0x58 ./Src/main.o
                0x000000000800611c                EmbSysLib::Hw::Dsi_Mcu::Dsi_Mcu(unsigned long)
                0x000000000800611c                EmbSysLib::Hw::Dsi_Mcu::Dsi_Mcu(unsigned long)
 *fill*         0x0000000008006174        0x4 
 .text._ZN9EmbSysLib2Hw7Dsi_Mcu4InitEttb
                0x0000000008006178      0x1e4 ./Src/main.o
                0x0000000008006178                EmbSysLib::Hw::Dsi_Mcu::Init(unsigned short, unsigned short, bool)
 .text._ZN9EmbSysLib2Hw7Dsi_Mcu9startLTDCEtt
                0x000000000800635c       0x40 ./Src/main.o
                0x000000000800635c                EmbSysLib::Hw::Dsi_Mcu::startLTDC(unsigned short, unsigned short)
 .text._ZN9EmbSysLib2Hw7Dsi_Mcu10writeShortEhh
                0x000000000800639c       0x4c ./Src/main.o
                0x000000000800639c                EmbSysLib::Hw::Dsi_Mcu::writeShort(unsigned char, unsigned char)
 .text._ZN9EmbSysLib2Hw7Dsi_Mcu9writeLongEPhm
                0x00000000080063e8       0x98 ./Src/main.o
                0x00000000080063e8                EmbSysLib::Hw::Dsi_Mcu::writeLong(unsigned char*, unsigned long)
 .text._ZN9EmbSysLib2Hw7Dsi_Mcu14DisplayRefreshEv
                0x0000000008006480       0x28 ./Src/main.o
                0x0000000008006480                EmbSysLib::Hw::Dsi_Mcu::DisplayRefresh()
 .text._ZN9EmbSysLib2Hw11MemoryImageC2ERNS0_6MemoryEPKc
                0x00000000080064a8      0x14c ./Src/main.o
                0x00000000080064a8                EmbSysLib::Hw::MemoryImage::MemoryImage(EmbSysLib::Hw::Memory&, char const*)
                0x00000000080064a8                EmbSysLib::Hw::MemoryImage::MemoryImage(EmbSysLib::Hw::Memory&, char const*)
 .text._ZN9EmbSysLib2Hw11MemoryImage6unlockEv
                0x00000000080065f4       0x14 ./Src/main.o
                0x00000000080065f4                EmbSysLib::Hw::MemoryImage::unlock()
 .text._ZN9EmbSysLib2Hw11MemoryImage4lockEv
                0x0000000008006608       0x14 ./Src/main.o
                0x0000000008006608                EmbSysLib::Hw::MemoryImage::lock()
 .text._ZN9EmbSysLib2Hw11MemoryImage6getPtrEv
                0x000000000800661c       0x18 ./Src/main.o
                0x000000000800661c                EmbSysLib::Hw::MemoryImage::getPtr()
 .text._ZN9EmbSysLib2Hw11MemoryImage9writeByteEmh
                0x0000000008006634       0x22 ./Src/main.o
                0x0000000008006634                EmbSysLib::Hw::MemoryImage::writeByte(unsigned long, unsigned char)
 .text._ZN9EmbSysLib2Hw11MemoryImage8readByteEm
                0x0000000008006656       0x20 ./Src/main.o
                0x0000000008006656                EmbSysLib::Hw::MemoryImage::readByte(unsigned long)
 .text._ZN9EmbSysLib3Dev13ScreenGraphic8getWidthEv
                0x0000000008006676       0x24 ./Src/main.o
                0x0000000008006676                EmbSysLib::Dev::ScreenGraphic::getWidth()
 .text._ZN9EmbSysLib3Dev13ScreenGraphic9getHeightEv
                0x000000000800669a       0x24 ./Src/main.o
                0x000000000800669a                EmbSysLib::Dev::ScreenGraphic::getHeight()
 *fill*         0x00000000080066be        0x2 
 .text._ZN9EmbSysLib3Dev11TaskManagerC2ERNS_2Hw5TimerE
                0x00000000080066c0       0x5c ./Src/main.o
                0x00000000080066c0                EmbSysLib::Dev::TaskManager::TaskManager(EmbSysLib::Hw::Timer&)
                0x00000000080066c0                EmbSysLib::Dev::TaskManager::TaskManager(EmbSysLib::Hw::Timer&)
 .text._ZN9EmbSysLib3Dev11TaskManager3addEPNS1_4TaskE
                0x000000000800671c       0x26 ./Src/main.o
                0x000000000800671c                EmbSysLib::Dev::TaskManager::add(EmbSysLib::Dev::TaskManager::Task*)
 .text._ZN9EmbSysLib3Dev11TaskManager12getCycleTimeEv
                0x0000000008006742       0x18 ./Src/main.o
                0x0000000008006742                EmbSysLib::Dev::TaskManager::getCycleTime()
 .text._ZN9EmbSysLib3Dev11TaskManager7getTicsEv
                0x000000000800675a       0x1c ./Src/main.o
                0x000000000800675a                EmbSysLib::Dev::TaskManager::getTics()
 .text._ZN9EmbSysLib3Dev11TaskManager6updateEv
                0x0000000008006776       0x24 ./Src/main.o
                0x0000000008006776                EmbSysLib::Dev::TaskManager::update()
 .text._ZN15myReportHandler8onReportEttb
                0x000000000800679a       0x2e ./Src/main.o
                0x000000000800679a                myReportHandler::onReport(unsigned short, unsigned short, bool)
 .text._ZN15myReportHandlerC2Ev
                0x00000000080067c8       0x24 ./Src/main.o
                0x00000000080067c8                myReportHandler::myReportHandler()
                0x00000000080067c8                myReportHandler::myReportHandler()
 .text._ZN9EmbSysLib2Hw23DisplayGraphic_OTM8009AC2ERNS0_7Dsi_McuERNS0_4Port3PinENS1_11OrientationENS0_4FontEh
                0x00000000080067ec       0xf0 ./Src/main.o
                0x00000000080067ec                EmbSysLib::Hw::DisplayGraphic_OTM8009A::DisplayGraphic_OTM8009A(EmbSysLib::Hw::Dsi_Mcu&, EmbSysLib::Hw::Port::Pin&, EmbSysLib::Hw::DisplayGraphic_OTM8009A::Orientation, EmbSysLib::Hw::Font, unsigned char)
                0x00000000080067ec                EmbSysLib::Hw::DisplayGraphic_OTM8009A::DisplayGraphic_OTM8009A(EmbSysLib::Hw::Dsi_Mcu&, EmbSysLib::Hw::Port::Pin&, EmbSysLib::Hw::DisplayGraphic_OTM8009A::Orientation, EmbSysLib::Hw::Font, unsigned char)
 .text._ZN9EmbSysLib2Hw23DisplayGraphic_OTM8009A4initEv
                0x00000000080068dc     0x121c ./Src/main.o
                0x00000000080068dc                EmbSysLib::Hw::DisplayGraphic_OTM8009A::init()
 .text._ZN9EmbSysLib2Hw26DisplayGraphic_OTM8009AramC2ERNS0_7Dsi_McuERNS0_4Port3PinENS0_23DisplayGraphic_OTM8009A11OrientationENS0_4FontEh
                0x0000000008007af8       0x98 ./Src/main.o
                0x0000000008007af8                EmbSysLib::Hw::DisplayGraphic_OTM8009Aram::DisplayGraphic_OTM8009Aram(EmbSysLib::Hw::Dsi_Mcu&, EmbSysLib::Hw::Port::Pin&, EmbSysLib::Hw::DisplayGraphic_OTM8009A::Orientation, EmbSysLib::Hw::Font, unsigned char)
                0x0000000008007af8                EmbSysLib::Hw::DisplayGraphic_OTM8009Aram::DisplayGraphic_OTM8009Aram(EmbSysLib::Hw::Dsi_Mcu&, EmbSysLib::Hw::Port::Pin&, EmbSysLib::Hw::DisplayGraphic_OTM8009A::Orientation, EmbSysLib::Hw::Font, unsigned char)
 .text._ZN9EmbSysLib2Hw26DisplayGraphic_OTM8009Aram7refreshEv
                0x0000000008007b90       0x1a ./Src/main.o
                0x0000000008007b90                EmbSysLib::Hw::DisplayGraphic_OTM8009Aram::refresh()
 .text._ZN9EmbSysLib2Hw26DisplayGraphic_OTM8009Aram5clearEv
                0x0000000008007baa       0x52 ./Src/main.o
                0x0000000008007baa                EmbSysLib::Hw::DisplayGraphic_OTM8009Aram::clear()
 .text._ZN9EmbSysLib2Hw26DisplayGraphic_OTM8009Aram7setAreaEtttt
                0x0000000008007bfc       0x7a ./Src/main.o
                0x0000000008007bfc                EmbSysLib::Hw::DisplayGraphic_OTM8009Aram::setArea(unsigned short, unsigned short, unsigned short, unsigned short)
 .text._ZN9EmbSysLib2Hw26DisplayGraphic_OTM8009Aram8setPixelEttt
                0x0000000008007c76       0x48 ./Src/main.o
                0x0000000008007c76                EmbSysLib::Hw::DisplayGraphic_OTM8009Aram::setPixel(unsigned short, unsigned short, unsigned short)
 .text._ZN9EmbSysLib2Hw26DisplayGraphic_OTM8009Aram8setPixelEt
                0x0000000008007cbe       0x7a ./Src/main.o
                0x0000000008007cbe                EmbSysLib::Hw::DisplayGraphic_OTM8009Aram::setPixel(unsigned short)
 .text._ZN9EmbSysLib2Hw12Touch_FT6206C2ERNS0_9I2CmasterEttNS0_5Touch11OrientationEh
                0x0000000008007d38       0x4c ./Src/main.o
                0x0000000008007d38                EmbSysLib::Hw::Touch_FT6206::Touch_FT6206(EmbSysLib::Hw::I2Cmaster&, unsigned short, unsigned short, EmbSysLib::Hw::Touch::Orientation, unsigned char)
                0x0000000008007d38                EmbSysLib::Hw::Touch_FT6206::Touch_FT6206(EmbSysLib::Hw::I2Cmaster&, unsigned short, unsigned short, EmbSysLib::Hw::Touch::Orientation, unsigned char)
 .text._ZN9EmbSysLib2Hw12Touch_FT62066updateEv
                0x0000000008007d84       0x86 ./Src/main.o
                0x0000000008007d84                EmbSysLib::Hw::Touch_FT6206::update()
 *fill*         0x0000000008007e0a        0x2 
 .text._ZN3AppC2EPN9EmbSysLib2Hw5TimerE
                0x0000000008007e0c       0x74 ./Src/main.o
                0x0000000008007e0c                App::App(EmbSysLib::Hw::Timer*)
                0x0000000008007e0c                App::App(EmbSysLib::Hw::Timer*)
 .text._ZN3App6updateEv
                0x0000000008007e80       0x30 ./Src/main.o
                0x0000000008007e80                App::update()
 .text._ZNK3App7getTimeEv
                0x0000000008007eb0       0x2c ./Src/main.o
                0x0000000008007eb0                App::getTime() const
 .text._ZNK3App11getWallTimeEv
                0x0000000008007edc       0x2c ./Src/main.o
                0x0000000008007edc                App::getWallTime() const
 .text._ZN3App5startEv
                0x0000000008007f08       0x1a ./Src/main.o
                0x0000000008007f08                App::start()
 .text._ZN3App5pauseEv
                0x0000000008007f22       0x1a ./Src/main.o
                0x0000000008007f22                App::pause()
 .text._ZN3App5resetEv
                0x0000000008007f3c       0x1a ./Src/main.o
                0x0000000008007f3c                App::reset()
 *fill*         0x0000000008007f56        0x2 
 .text._ZL21drawStopwatchGraphicsRN9EmbSysLib3Dev13ScreenGraphicEfb
                0x0000000008007f58      0x654 ./Src/main.o
 .text.main     0x00000000080085ac      0x190 ./Src/main.o
                0x00000000080085ac                main
 .text._ZN9EmbSysLib3Std5RANGEImEET_S2_S2_S2_
                0x000000000800873c       0x32 ./Src/main.o
                0x000000000800873c                unsigned long EmbSysLib::Std::RANGE<unsigned long>(unsigned long, unsigned long, unsigned long)
 .text._ZN9EmbSysLib2Hw9I2Cmaster6Device4readIhNS0_12Touch_FT62067TscDataEEEvT_PT0_
                0x000000000800876e       0x48 ./Src/main.o
                0x000000000800876e                void EmbSysLib::Hw::I2Cmaster::Device::read<unsigned char, EmbSysLib::Hw::Touch_FT6206::TscData>(unsigned char, EmbSysLib::Hw::Touch_FT6206::TscData*)
 *fill*         0x00000000080087b6        0x2 
 .text._ZN15myReportHandlerD2Ev
                0x00000000080087b8       0x24 ./Src/main.o
                0x00000000080087b8                myReportHandler::~myReportHandler()
                0x00000000080087b8                myReportHandler::~myReportHandler()
 .text._Z41__static_initialization_and_destruction_0ii
                0x00000000080087dc      0x28c ./Src/main.o
 .text._GLOBAL__sub_I_report
                0x0000000008008a68       0x10 ./Src/main.o
 .text._GLOBAL__sub_D_report
                0x0000000008008a78       0x10 ./Src/main.o
 .text.Reset_Handler
                0x0000000008008a88       0x50 ./Src/startup.o
                0x0000000008008a88                Reset_Handler
 .text.Default_Handler
                0x0000000008008ad8        0x2 ./Src/startup.o
                0x0000000008008ad8                HASH_RNG_IRQHandler
                0x0000000008008ad8                EXTI2_IRQHandler
                0x0000000008008ad8                DebugMon_Handler
                0x0000000008008ad8                UART8_IRQHandler
                0x0000000008008ad8                SPI4_IRQHandler
                0x0000000008008ad8                TIM1_CC_IRQHandler
                0x0000000008008ad8                DMA2_Stream5_IRQHandler
                0x0000000008008ad8                HardFault_Handler
                0x0000000008008ad8                JPEG_IRQHandler
                0x0000000008008ad8                DMA1_Stream5_IRQHandler
                0x0000000008008ad8                CAN3_RX1_IRQHandler
                0x0000000008008ad8                PVD_IRQHandler
                0x0000000008008ad8                TAMP_STAMP_IRQHandler
                0x0000000008008ad8                NMI_Handler
                0x0000000008008ad8                CAN2_RX1_IRQHandler
                0x0000000008008ad8                EXTI3_IRQHandler
                0x0000000008008ad8                DFSDM1_FLT1_IRQHandler
                0x0000000008008ad8                TIM8_UP_TIM13_IRQHandler
                0x0000000008008ad8                I2C3_ER_IRQHandler
                0x0000000008008ad8                DFSDM1_FLT2_IRQHandler
                0x0000000008008ad8                EXTI0_IRQHandler
                0x0000000008008ad8                I2C2_EV_IRQHandler
                0x0000000008008ad8                DMA1_Stream2_IRQHandler
                0x0000000008008ad8                CAN1_RX0_IRQHandler
                0x0000000008008ad8                FPU_IRQHandler
                0x0000000008008ad8                OTG_HS_WKUP_IRQHandler
                0x0000000008008ad8                CAN3_SCE_IRQHandler
                0x0000000008008ad8                UsageFault_Handler
                0x0000000008008ad8                LTDC_ER_IRQHandler
                0x0000000008008ad8                CAN2_SCE_IRQHandler
                0x0000000008008ad8                DMA2_Stream2_IRQHandler
                0x0000000008008ad8                SPI1_IRQHandler
                0x0000000008008ad8                TIM6_DAC_IRQHandler
                0x0000000008008ad8                TIM1_BRK_TIM9_IRQHandler
                0x0000000008008ad8                DCMI_IRQHandler
                0x0000000008008ad8                CAN2_RX0_IRQHandler
                0x0000000008008ad8                DMA2_Stream3_IRQHandler
                0x0000000008008ad8                RTC_ALARM_IRQHandler
                0x0000000008008ad8                SAI2_IRQHandler
                0x0000000008008ad8                DFSDM1_FLT3_IRQHandler
                0x0000000008008ad8                CAN3_RX0_IRQHandler
                0x0000000008008ad8                CAN1_RX1_IRQHandler
                0x0000000008008ad8                DMA2_Stream0_IRQHandler
                0x0000000008008ad8                QUADSPI_IRQHandler
                0x0000000008008ad8                I2C1_EV_IRQHandler
                0x0000000008008ad8                DMA1_Stream6_IRQHandler
                0x0000000008008ad8                DMA1_Stream1_IRQHandler
                0x0000000008008ad8                RCC_IRQHandler
                0x0000000008008ad8                TIM8_BRK_TIM12_IRQHandler
                0x0000000008008ad8                Default_Handler
                0x0000000008008ad8                CEC_IRQHandler
                0x0000000008008ad8                EXTI15_10_IRQHandler
                0x0000000008008ad8                DMA1_Stream7_IRQHandler
                0x0000000008008ad8                SPI5_IRQHandler
                0x0000000008008ad8                SDMMC1_IRQHandler
                0x0000000008008ad8                CAN2_TX_IRQHandler
                0x0000000008008ad8                DMA2_Stream7_IRQHandler
                0x0000000008008ad8                I2C3_EV_IRQHandler
                0x0000000008008ad8                EXTI9_5_IRQHandler
                0x0000000008008ad8                RTC_WKUP_IRQHandler
                0x0000000008008ad8                LTDC_IRQHandler
                0x0000000008008ad8                ETH_WKUP_IRQHandler
                0x0000000008008ad8                SPDIF_RX_IRQHandler
                0x0000000008008ad8                SPI2_IRQHandler
                0x0000000008008ad8                OTG_HS_EP1_IN_IRQHandler
                0x0000000008008ad8                MemManage_Handler
                0x0000000008008ad8                DMA1_Stream0_IRQHandler
                0x0000000008008ad8                CAN1_TX_IRQHandler
                0x0000000008008ad8                SVC_Handler
                0x0000000008008ad8                EXTI4_IRQHandler
                0x0000000008008ad8                DSI_IRQHandler
                0x0000000008008ad8                ETH_IRQHandler
                0x0000000008008ad8                OTG_HS_EP1_OUT_IRQHandler
                0x0000000008008ad8                WWDG_IRQHandler
                0x0000000008008ad8                SPI6_IRQHandler
                0x0000000008008ad8                MDIOS_IRQHandler
                0x0000000008008ad8                I2C4_EV_IRQHandler
                0x0000000008008ad8                CAN3_TX_IRQHandler
                0x0000000008008ad8                OTG_FS_WKUP_IRQHandler
                0x0000000008008ad8                OTG_HS_IRQHandler
                0x0000000008008ad8                DMA2D_IRQHandler
                0x0000000008008ad8                EXTI1_IRQHandler
                0x0000000008008ad8                SDMMC2_IRQHandler
                0x0000000008008ad8                DFSDM1_FLT0_IRQHandler
                0x0000000008008ad8                I2C2_ER_IRQHandler
                0x0000000008008ad8                DMA2_Stream1_IRQHandler
                0x0000000008008ad8                CAN1_SCE_IRQHandler
                0x0000000008008ad8                FLASH_IRQHandler
                0x0000000008008ad8                DMA2_Stream4_IRQHandler
                0x0000000008008ad8                BusFault_Handler
                0x0000000008008ad8                SPI3_IRQHandler
                0x0000000008008ad8                DMA1_Stream4_IRQHandler
                0x0000000008008ad8                I2C1_ER_IRQHandler
                0x0000000008008ad8                FMC_IRQHandler
                0x0000000008008ad8                LPTIM1_IRQHandler
                0x0000000008008ad8                I2C4_ER_IRQHandler
                0x0000000008008ad8                DMA2_Stream6_IRQHandler
                0x0000000008008ad8                SAI1_IRQHandler
                0x0000000008008ad8                DMA1_Stream3_IRQHandler
 .text._Znwj    0x0000000008008ada       0x22 C:/ST/STM32CubeIDE_1.13.2/STM32CubeIDE/plugins/com.st.stm32cube.ide.mcu.externaltools.gnu-tools-for-stm32.11.3.rel1.win32_1.1.1.202309131626/tools/bin/../lib/gcc/arm-none-eabi/11.3.1/../../../../arm-none-eabi/lib/thumb/v7e-m+dp/hard\libstdc++_nano.a(new_op.o)
                0x0000000008008ada                operator new(unsigned int)
 .text._Znaj    0x0000000008008afc        0x4 C:/ST/STM32CubeIDE_1.13.2/STM32CubeIDE/plugins/com.st.stm32cube.ide.mcu.externaltools.gnu-tools-for-stm32.11.3.rel1.win32_1.1.1.202309131626/tools/bin/../lib/gcc/arm-none-eabi/11.3.1/../../../../arm-none-eabi/lib/thumb/v7e-m+dp/hard\libstdc++_nano.a(new_opv.o)
                0x0000000008008afc                operator new[](unsigned int)
 .text._ZSt15get_new_handlerv
                0x0000000008008b00       0x10 C:/ST/STM32CubeIDE_1.13.2/STM32CubeIDE/plugins/com.st.stm32cube.ide.mcu.externaltools.gnu-tools-for-stm32.11.3.rel1.win32_1.1.1.202309131626/tools/bin/../lib/gcc/arm-none-eabi/11.3.1/../../../../arm-none-eabi/lib/thumb/v7e-m+dp/hard\libstdc++_nano.a(new_handler.o)
                0x0000000008008b00                std::get_new_handler()
 .text.abort    0x0000000008008b10        0xe C:/ST/STM32CubeIDE_1.13.2/STM32CubeIDE/plugins/com.st.stm32cube.ide.mcu.externaltools.gnu-tools-for-stm32.11.3.rel1.win32_1.1.1.202309131626/tools/bin/../lib/gcc/arm-none-eabi/11.3.1/../../../../arm-none-eabi/lib/thumb/v7e-m+dp/hard\libc_nano.a(libc_a-abort.o)
                0x0000000008008b10                abort
 *fill*         0x0000000008008b1e        0x2 
 .text.malloc   0x0000000008008b20       0x10 C:/ST/STM32CubeIDE_1.13.2/STM32CubeIDE/plugins/com.st.stm32cube.ide.mcu.externaltools.gnu-tools-for-stm32.11.3.rel1.win32_1.1.1.202309131626/tools/bin/../lib/gcc/arm-none-eabi/11.3.1/../../../../arm-none-eabi/lib/thumb/v7e-m+dp/hard\libc_nano.a(libc_a-malloc.o)
                0x0000000008008b20                malloc
 .text.sbrk_aligned
                0x0000000008008b30       0x40 C:/ST/STM32CubeIDE_1.13.2/STM32CubeIDE/plugins/com.st.stm32cube.ide.mcu.externaltools.gnu-tools-for-stm32.11.3.rel1.win32_1.1.1.202309131626/tools/bin/../lib/gcc/arm-none-eabi/11.3.1/../../../../arm-none-eabi/lib/thumb/v7e-m+dp/hard\libc_nano.a(libc_a-mallocr.o)
 .text._malloc_r
                0x0000000008008b70      0x100 C:/ST/STM32CubeIDE_1.13.2/STM32CubeIDE/plugins/com.st.stm32cube.ide.mcu.externaltools.gnu-tools-for-stm32.11.3.rel1.win32_1.1.1.202309131626/tools/bin/../lib/gcc/arm-none-eabi/11.3.1/../../../../arm-none-eabi/lib/thumb/v7e-m+dp/hard\libc_nano.a(libc_a-mallocr.o)
                0x0000000008008b70                _malloc_r
 .text.__malloc_lock
                0x0000000008008c70        0xc C:/ST/STM32CubeIDE_1.13.2/STM32CubeIDE/plugins/com.st.stm32cube.ide.mcu.externaltools.gnu-tools-for-stm32.11.3.rel1.win32_1.1.1.202309131626/tools/bin/../lib/gcc/arm-none-eabi/11.3.1/../../../../arm-none-eabi/lib/thumb/v7e-m+dp/hard\libc_nano.a(libc_a-mlock.o)
                0x0000000008008c70                __malloc_lock
 .text.__malloc_unlock
                0x0000000008008c7c        0xc C:/ST/STM32CubeIDE_1.13.2/STM32CubeIDE/plugins/com.st.stm32cube.ide.mcu.externaltools.gnu-tools-for-stm32.11.3.rel1.win32_1.1.1.202309131626/tools/bin/../lib/gcc/arm-none-eabi/11.3.1/../../../../arm-none-eabi/lib/thumb/v7e-m+dp/hard\libc_nano.a(libc_a-mlock.o)
                0x0000000008008c7c                __malloc_unlock
 .text.__cvt    0x0000000008008c88       0xa4 C:/ST/STM32CubeIDE_1.13.2/STM32CubeIDE/plugins/com.st.stm32cube.ide.mcu.externaltools.gnu-tools-for-stm32.11.3.rel1.win32_1.1.1.202309131626/tools/bin/../lib/gcc/arm-none-eabi/11.3.1/../../../../arm-none-eabi/lib/thumb/v7e-m+dp/hard\libc_nano.a(libc_a-nano-vfprintf_float.o)
                0x0000000008008c88                __cvt
 .text.__exponent
                0x0000000008008d2c       0x7c C:/ST/STM32CubeIDE_1.13.2/STM32CubeIDE/plugins/com.st.stm32cube.ide.mcu.externaltools.gnu-tools-for-stm32.11.3.rel1.win32_1.1.1.202309131626/tools/bin/../lib/gcc/arm-none-eabi/11.3.1/../../../../arm-none-eabi/lib/thumb/v7e-m+dp/hard\libc_nano.a(libc_a-nano-vfprintf_float.o)
                0x0000000008008d2c                __exponent
 .text._printf_float
                0x0000000008008da8      0x434 C:/ST/STM32CubeIDE_1.13.2/STM32CubeIDE/plugins/com.st.stm32cube.ide.mcu.externaltools.gnu-tools-for-stm32.11.3.rel1.win32_1.1.1.202309131626/tools/bin/../lib/gcc/arm-none-eabi/11.3.1/../../../../arm-none-eabi/lib/thumb/v7e-m+dp/hard\libc_nano.a(libc_a-nano-vfprintf_float.o)
                0x0000000008008da8                _printf_float
 .text._printf_common
                0x00000000080091dc       0xda C:/ST/STM32CubeIDE_1.13.2/STM32CubeIDE/plugins/com.st.stm32cube.ide.mcu.externaltools.gnu-tools-for-stm32.11.3.rel1.win32_1.1.1.202309131626/tools/bin/../lib/gcc/arm-none-eabi/11.3.1/../../../../arm-none-eabi/lib/thumb/v7e-m+dp/hard\libc_nano.a(libc_a-nano-vfprintf_i.o)
                0x00000000080091dc                _printf_common
 *fill*         0x00000000080092b6        0x2 
 .text._printf_i
                0x00000000080092b8      0x244 C:/ST/STM32CubeIDE_1.13.2/STM32CubeIDE/plugins/com.st.stm32cube.ide.mcu.externaltools.gnu-tools-for-stm32.11.3.rel1.win32_1.1.1.202309131626/tools/bin/../lib/gcc/arm-none-eabi/11.3.1/../../../../arm-none-eabi/lib/thumb/v7e-m+dp/hard\libc_nano.a(libc_a-nano-vfprintf_i.o)
                0x00000000080092b8                _printf_i
 .text._scanf_float
                0x00000000080094fc      0x408 C:/ST/STM32CubeIDE_1.13.2/STM32CubeIDE/plugins/com.st.stm32cube.ide.mcu.externaltools.gnu-tools-for-stm32.11.3.rel1.win32_1.1.1.202309131626/tools/bin/../lib/gcc/arm-none-eabi/11.3.1/../../../../arm-none-eabi/lib/thumb/v7e-m+dp/hard\libc_nano.a(libc_a-nano-vfscanf_float.o)
                0x00000000080094fc                _scanf_float
 .text.std      0x0000000008009904       0x6c C:/ST/STM32CubeIDE_1.13.2/STM32CubeIDE/plugins/com.st.stm32cube.ide.mcu.externaltools.gnu-tools-for-stm32.11.3.rel1.win32_1.1.1.202309131626/tools/bin/../lib/gcc/arm-none-eabi/11.3.1/../../../../arm-none-eabi/lib/thumb/v7e-m+dp/hard\libc_nano.a(libc_a-findfp.o)
 .text.stdio_exit_handler
                0x0000000008009970       0x18 C:/ST/STM32CubeIDE_1.13.2/STM32CubeIDE/plugins/com.st.stm32cube.ide.mcu.externaltools.gnu-tools-for-stm32.11.3.rel1.win32_1.1.1.202309131626/tools/bin/../lib/gcc/arm-none-eabi/11.3.1/../../../../arm-none-eabi/lib/thumb/v7e-m+dp/hard\libc_nano.a(libc_a-findfp.o)
 .text.cleanup_stdio
                0x0000000008009988       0x40 C:/ST/STM32CubeIDE_1.13.2/STM32CubeIDE/plugins/com.st.stm32cube.ide.mcu.externaltools.gnu-tools-for-stm32.11.3.rel1.win32_1.1.1.202309131626/tools/bin/../lib/gcc/arm-none-eabi/11.3.1/../../../../arm-none-eabi/lib/thumb/v7e-m+dp/hard\libc_nano.a(libc_a-findfp.o)
 .text.global_stdio_init.part.0
                0x00000000080099c8       0x3c C:/ST/STM32CubeIDE_1.13.2/STM32CubeIDE/plugins/com.st.stm32cube.ide.mcu.externaltools.gnu-tools-for-stm32.11.3.rel1.win32_1.1.1.202309131626/tools/bin/../lib/gcc/arm-none-eabi/11.3.1/../../../../arm-none-eabi/lib/thumb/v7e-m+dp/hard\libc_nano.a(libc_a-findfp.o)
 .text.__sfp_lock_acquire
                0x0000000008009a04        0xc C:/ST/STM32CubeIDE_1.13.2/STM32CubeIDE/plugins/com.st.stm32cube.ide.mcu.externaltools.gnu-tools-for-stm32.11.3.rel1.win32_1.1.1.202309131626/tools/bin/../lib/gcc/arm-none-eabi/11.3.1/../../../../arm-none-eabi/lib/thumb/v7e-m+dp/hard\libc_nano.a(libc_a-findfp.o)
                0x0000000008009a04                __sfp_lock_acquire
 .text.__sfp_lock_release
                0x0000000008009a10        0xc C:/ST/STM32CubeIDE_1.13.2/STM32CubeIDE/plugins/com.st.stm32cube.ide.mcu.externaltools.gnu-tools-for-stm32.11.3.rel1.win32_1.1.1.202309131626/tools/bin/../lib/gcc/arm-none-eabi/11.3.1/../../../../arm-none-eabi/lib/thumb/v7e-m+dp/hard\libc_nano.a(libc_a-findfp.o)
                0x0000000008009a10                __sfp_lock_release
 .text.__sinit  0x0000000008009a1c       0x30 C:/ST/STM32CubeIDE_1.13.2/STM32CubeIDE/plugins/com.st.stm32cube.ide.mcu.externaltools.gnu-tools-for-stm32.11.3.rel1.win32_1.1.1.202309131626/tools/bin/../lib/gcc/arm-none-eabi/11.3.1/../../../../arm-none-eabi/lib/thumb/v7e-m+dp/hard\libc_nano.a(libc_a-findfp.o)
                0x0000000008009a1c                __sinit
 .text._fwalk_sglue
                0x0000000008009a4c       0x3c C:/ST/STM32CubeIDE_1.13.2/STM32CubeIDE/plugins/com.st.stm32cube.ide.mcu.externaltools.gnu-tools-for-stm32.11.3.rel1.win32_1.1.1.202309131626/tools/bin/../lib/gcc/arm-none-eabi/11.3.1/../../../../arm-none-eabi/lib/thumb/v7e-m+dp/hard\libc_nano.a(libc_a-fwalk.o)
                0x0000000008009a4c                _fwalk_sglue
 .text.sprintf  0x0000000008009a88       0x40 C:/ST/STM32CubeIDE_1.13.2/STM32CubeIDE/plugins/com.st.stm32cube.ide.mcu.externaltools.gnu-tools-for-stm32.11.3.rel1.win32_1.1.1.202309131626/tools/bin/../lib/gcc/arm-none-eabi/11.3.1/../../../../arm-none-eabi/lib/thumb/v7e-m+dp/hard\libc_nano.a(libc_a-sprintf.o)
                0x0000000008009a88                siprintf
                0x0000000008009a88                sprintf
 .text.__sread  0x0000000008009ac8       0x22 C:/ST/STM32CubeIDE_1.13.2/STM32CubeIDE/plugins/com.st.stm32cube.ide.mcu.externaltools.gnu-tools-for-stm32.11.3.rel1.win32_1.1.1.202309131626/tools/bin/../lib/gcc/arm-none-eabi/11.3.1/../../../../arm-none-eabi/lib/thumb/v7e-m+dp/hard\libc_nano.a(libc_a-stdio.o)
                0x0000000008009ac8                __sread
 .text.__swrite
                0x0000000008009aea       0x38 C:/ST/STM32CubeIDE_1.13.2/STM32CubeIDE/plugins/com.st.stm32cube.ide.mcu.externaltools.gnu-tools-for-stm32.11.3.rel1.win32_1.1.1.202309131626/tools/bin/../lib/gcc/arm-none-eabi/11.3.1/../../../../arm-none-eabi/lib/thumb/v7e-m+dp/hard\libc_nano.a(libc_a-stdio.o)
                0x0000000008009aea                __swrite
 .text.__sseek  0x0000000008009b22       0x24 C:/ST/STM32CubeIDE_1.13.2/STM32CubeIDE/plugins/com.st.stm32cube.ide.mcu.externaltools.gnu-tools-for-stm32.11.3.rel1.win32_1.1.1.202309131626/tools/bin/../lib/gcc/arm-none-eabi/11.3.1/../../../../arm-none-eabi/lib/thumb/v7e-m+dp/hard\libc_nano.a(libc_a-stdio.o)
                0x0000000008009b22                __sseek
 .text.__sclose
                0x0000000008009b46        0x8 C:/ST/STM32CubeIDE_1.13.2/STM32CubeIDE/plugins/com.st.stm32cube.ide.mcu.externaltools.gnu-tools-for-stm32.11.3.rel1.win32_1.1.1.202309131626/tools/bin/../lib/gcc/arm-none-eabi/11.3.1/../../../../arm-none-eabi/lib/thumb/v7e-m+dp/hard\libc_nano.a(libc_a-stdio.o)
                0x0000000008009b46                __sclose
 .text._vsnprintf_r
                0x0000000008009b4e       0x56 C:/ST/STM32CubeIDE_1.13.2/STM32CubeIDE/plugins/com.st.stm32cube.ide.mcu.externaltools.gnu-tools-for-stm32.11.3.rel1.win32_1.1.1.202309131626/tools/bin/../lib/gcc/arm-none-eabi/11.3.1/../../../../arm-none-eabi/lib/thumb/v7e-m+dp/hard\libc_nano.a(libc_a-vsnprintf.o)
                0x0000000008009b4e                _vsniprintf_r
                0x0000000008009b4e                _vsnprintf_r
 .text.vsnprintf
                0x0000000008009ba4       0x1c C:/ST/STM32CubeIDE_1.13.2/STM32CubeIDE/plugins/com.st.stm32cube.ide.mcu.externaltools.gnu-tools-for-stm32.11.3.rel1.win32_1.1.1.202309131626/tools/bin/../lib/gcc/arm-none-eabi/11.3.1/../../../../arm-none-eabi/lib/thumb/v7e-m+dp/hard\libc_nano.a(libc_a-vsnprintf.o)
                0x0000000008009ba4                vsniprintf
                0x0000000008009ba4                vsnprintf
 .text.memset   0x0000000008009bc0       0x10 C:/ST/STM32CubeIDE_1.13.2/STM32CubeIDE/plugins/com.st.stm32cube.ide.mcu.externaltools.gnu-tools-for-stm32.11.3.rel1.win32_1.1.1.202309131626/tools/bin/../lib/gcc/arm-none-eabi/11.3.1/../../../../arm-none-eabi/lib/thumb/v7e-m+dp/hard\libc_nano.a(libc_a-memset.o)
                0x0000000008009bc0                memset
 .text._raise_r
                0x0000000008009bd0       0x50 C:/ST/STM32CubeIDE_1.13.2/STM32CubeIDE/plugins/com.st.stm32cube.ide.mcu.externaltools.gnu-tools-for-stm32.11.3.rel1.win32_1.1.1.202309131626/tools/bin/../lib/gcc/arm-none-eabi/11.3.1/../../../../arm-none-eabi/lib/thumb/v7e-m+dp/hard\libc_nano.a(libc_a-signal.o)
                0x0000000008009bd0                _raise_r
 .text.raise    0x0000000008009c20       0x10 C:/ST/STM32CubeIDE_1.13.2/STM32CubeIDE/plugins/com.st.stm32cube.ide.mcu.externaltools.gnu-tools-for-stm32.11.3.rel1.win32_1.1.1.202309131626/tools/bin/../lib/gcc/arm-none-eabi/11.3.1/../../../../arm-none-eabi/lib/thumb/v7e-m+dp/hard\libc_nano.a(libc_a-signal.o)
                0x0000000008009c20                raise
 .text._localeconv_r
                0x0000000008009c30        0x8 C:/ST/STM32CubeIDE_1.13.2/STM32CubeIDE/plugins/com.st.stm32cube.ide.mcu.externaltools.gnu-tools-for-stm32.11.3.rel1.win32_1.1.1.202309131626/tools/bin/../lib/gcc/arm-none-eabi/11.3.1/../../../../arm-none-eabi/lib/thumb/v7e-m+dp/hard\libc_nano.a(libc_a-localeconv.o)
                0x0000000008009c30                _localeconv_r
 .text._close_r
                0x0000000008009c38       0x20 C:/ST/STM32CubeIDE_1.13.2/STM32CubeIDE/plugins/com.st.stm32cube.ide.mcu.externaltools.gnu-tools-for-stm32.11.3.rel1.win32_1.1.1.202309131626/tools/bin/../lib/gcc/arm-none-eabi/11.3.1/../../../../arm-none-eabi/lib/thumb/v7e-m+dp/hard\libc_nano.a(libc_a-closer.o)
                0x0000000008009c38                _close_r
 .text._lseek_r
                0x0000000008009c58       0x24 C:/ST/STM32CubeIDE_1.13.2/STM32CubeIDE/plugins/com.st.stm32cube.ide.mcu.externaltools.gnu-tools-for-stm32.11.3.rel1.win32_1.1.1.202309131626/tools/bin/../lib/gcc/arm-none-eabi/11.3.1/../../../../arm-none-eabi/lib/thumb/v7e-m+dp/hard\libc_nano.a(libc_a-lseekr.o)
                0x0000000008009c58                _lseek_r
 .text._read_r  0x0000000008009c7c       0x24 C:/ST/STM32CubeIDE_1.13.2/STM32CubeIDE/plugins/com.st.stm32cube.ide.mcu.externaltools.gnu-tools-for-stm32.11.3.rel1.win32_1.1.1.202309131626/tools/bin/../lib/gcc/arm-none-eabi/11.3.1/../../../../arm-none-eabi/lib/thumb/v7e-m+dp/hard\libc_nano.a(libc_a-readr.o)
                0x0000000008009c7c                _read_r
 .text._kill_r  0x0000000008009ca0       0x24 C:/ST/STM32CubeIDE_1.13.2/STM32CubeIDE/plugins/com.st.stm32cube.ide.mcu.externaltools.gnu-tools-for-stm32.11.3.rel1.win32_1.1.1.202309131626/tools/bin/../lib/gcc/arm-none-eabi/11.3.1/../../../../arm-none-eabi/lib/thumb/v7e-m+dp/hard\libc_nano.a(libc_a-signalr.o)
                0x0000000008009ca0                _kill_r
 .text._getpid_r
                0x0000000008009cc4        0x4 C:/ST/STM32CubeIDE_1.13.2/STM32CubeIDE/plugins/com.st.stm32cube.ide.mcu.externaltools.gnu-tools-for-stm32.11.3.rel1.win32_1.1.1.202309131626/tools/bin/../lib/gcc/arm-none-eabi/11.3.1/../../../../arm-none-eabi/lib/thumb/v7e-m+dp/hard\libc_nano.a(libc_a-signalr.o)
                0x0000000008009cc4                _getpid_r
 .text._sbrk_r  0x0000000008009cc8       0x20 C:/ST/STM32CubeIDE_1.13.2/STM32CubeIDE/plugins/com.st.stm32cube.ide.mcu.externaltools.gnu-tools-for-stm32.11.3.rel1.win32_1.1.1.202309131626/tools/bin/../lib/gcc/arm-none-eabi/11.3.1/../../../../arm-none-eabi/lib/thumb/v7e-m+dp/hard\libc_nano.a(libc_a-sbrkr.o)
                0x0000000008009cc8                _sbrk_r
 .text._write_r
                0x0000000008009ce8       0x24 C:/ST/STM32CubeIDE_1.13.2/STM32CubeIDE/plugins/com.st.stm32cube.ide.mcu.externaltools.gnu-tools-for-stm32.11.3.rel1.win32_1.1.1.202309131626/tools/bin/../lib/gcc/arm-none-eabi/11.3.1/../../../../arm-none-eabi/lib/thumb/v7e-m+dp/hard\libc_nano.a(libc_a-writer.o)
                0x0000000008009ce8                _write_r
 .text.__libc_init_array
                0x0000000008009d0c       0x48 C:/ST/STM32CubeIDE_1.13.2/STM32CubeIDE/plugins/com.st.stm32cube.ide.mcu.externaltools.gnu-tools-for-stm32.11.3.rel1.win32_1.1.1.202309131626/tools/bin/../lib/gcc/arm-none-eabi/11.3.1/../../../../arm-none-eabi/lib/thumb/v7e-m+dp/hard\libc_nano.a(libc_a-init.o)
                0x0000000008009d0c                __libc_init_array
 .text.__retarget_lock_init_recursive
                0x0000000008009d54        0x2 C:/ST/STM32CubeIDE_1.13.2/STM32CubeIDE/plugins/com.st.stm32cube.ide.mcu.externaltools.gnu-tools-for-stm32.11.3.rel1.win32_1.1.1.202309131626/tools/bin/../lib/gcc/arm-none-eabi/11.3.1/../../../../arm-none-eabi/lib/thumb/v7e-m+dp/hard\libc_nano.a(libc_a-lock.o)
                0x0000000008009d54                __retarget_lock_init_recursive
 .text.__retarget_lock_acquire_recursive
                0x0000000008009d56        0x2 C:/ST/STM32CubeIDE_1.13.2/STM32CubeIDE/plugins/com.st.stm32cube.ide.mcu.externaltools.gnu-tools-for-stm32.11.3.rel1.win32_1.1.1.202309131626/tools/bin/../lib/gcc/arm-none-eabi/11.3.1/../../../../arm-none-eabi/lib/thumb/v7e-m+dp/hard\libc_nano.a(libc_a-lock.o)
                0x0000000008009d56                __retarget_lock_acquire_recursive
 .text.__retarget_lock_release_recursive
                0x0000000008009d58        0x2 C:/ST/STM32CubeIDE_1.13.2/STM32CubeIDE/plugins/com.st.stm32cube.ide.mcu.externaltools.gnu-tools-for-stm32.11.3.rel1.win32_1.1.1.202309131626/tools/bin/../lib/gcc/arm-none-eabi/11.3.1/../../../../arm-none-eabi/lib/thumb/v7e-m+dp/hard\libc_nano.a(libc_a-lock.o)
                0x0000000008009d58                __retarget_lock_release_recursive
 .text.memcpy   0x0000000008009d5a       0x1c C:/ST/STM32CubeIDE_1.13.2/STM32CubeIDE/plugins/com.st.stm32cube.ide.mcu.externaltools.gnu-tools-for-stm32.11.3.rel1.win32_1.1.1.202309131626/tools/bin/../lib/gcc/arm-none-eabi/11.3.1/../../../../arm-none-eabi/lib/thumb/v7e-m+dp/hard\libc_nano.a(libc_a-memcpy-stub.o)
                0x0000000008009d5a                memcpy
 *fill*         0x0000000008009d76        0x2 
 .text.nanf     0x0000000008009d78        0xc C:/ST/STM32CubeIDE_1.13.2/STM32CubeIDE/plugins/com.st.stm32cube.ide.mcu.externaltools.gnu-tools-for-stm32.11.3.rel1.win32_1.1.1.202309131626/tools/bin/../lib/gcc/arm-none-eabi/11.3.1/../../../../arm-none-eabi/lib/thumb/v7e-m+dp/hard\libc_nano.a(libm_a-sf_nan.o)
                0x0000000008009d78                nanf